Component: ARM Compiler 5.06 update 7 (build 960) Tool: armlink [4d3601]

==============================================================================

Section Cross References

    system_stm32f10x.o(i.SetSysClock) refers to system_stm32f10x.o(i.SetSysClockTo72) for SetSysClockTo72
    system_stm32f10x.o(i.SystemCoreClockUpdate) refers to system_stm32f10x.o(.data) for SystemCoreClock
    system_stm32f10x.o(i.SystemInit) refers to system_stm32f10x.o(i.SetSysClock) for SetSysClock
    stm32f10x_adc.o(i.ADC_DeInit) refers to stm32f10x_rcc.o(i.RCC_APB2PeriphResetCmd) for RCC_APB2PeriphResetCmd
    stm32f10x_bkp.o(i.BKP_DeInit) refers to stm32f10x_rcc.o(i.RCC_BackupResetCmd) for RCC_BackupResetCmd
    stm32f10x_can.o(i.CAN_DeInit) refers to stm32f10x_rcc.o(i.RCC_APB1PeriphResetCmd) for RCC_APB1PeriphResetCmd
    stm32f10x_can.o(i.CAN_GetITStatus) refers to stm32f10x_can.o(i.CheckITStatus) for CheckITStatus
    stm32f10x_cec.o(i.CEC_DeInit) refers to stm32f10x_rcc.o(i.RCC_APB1PeriphResetCmd) for RCC_APB1PeriphResetCmd
    stm32f10x_dac.o(i.DAC_DeInit) refers to stm32f10x_rcc.o(i.RCC_APB1PeriphResetCmd) for RCC_APB1PeriphResetCmd
    stm32f10x_flash.o(i.FLASH_EnableWriteProtection) refers to stm32f10x_flash.o(i.FLASH_WaitForLastOperation) for FLASH_WaitForLastOperation
    stm32f10x_flash.o(i.FLASH_EraseAllBank1Pages) refers to stm32f10x_flash.o(i.FLASH_WaitForLastBank1Operation) for FLASH_WaitForLastBank1Operation
    stm32f10x_flash.o(i.FLASH_EraseAllPages) refers to stm32f10x_flash.o(i.FLASH_WaitForLastOperation) for FLASH_WaitForLastOperation
    stm32f10x_flash.o(i.FLASH_EraseOptionBytes) refers to stm32f10x_flash.o(i.FLASH_GetReadOutProtectionStatus) for FLASH_GetReadOutProtectionStatus
    stm32f10x_flash.o(i.FLASH_EraseOptionBytes) refers to stm32f10x_flash.o(i.FLASH_WaitForLastOperation) for FLASH_WaitForLastOperation
    stm32f10x_flash.o(i.FLASH_ErasePage) refers to stm32f10x_flash.o(i.FLASH_WaitForLastOperation) for FLASH_WaitForLastOperation
    stm32f10x_flash.o(i.FLASH_ProgramHalfWord) refers to stm32f10x_flash.o(i.FLASH_WaitForLastOperation) for FLASH_WaitForLastOperation
    stm32f10x_flash.o(i.FLASH_ProgramOptionByteData) refers to stm32f10x_flash.o(i.FLASH_WaitForLastOperation) for FLASH_WaitForLastOperation
    stm32f10x_flash.o(i.FLASH_ProgramWord) refers to stm32f10x_flash.o(i.FLASH_WaitForLastOperation) for FLASH_WaitForLastOperation
    stm32f10x_flash.o(i.FLASH_ReadOutProtection) refers to stm32f10x_flash.o(i.FLASH_WaitForLastOperation) for FLASH_WaitForLastOperation
    stm32f10x_flash.o(i.FLASH_UserOptionByteConfig) refers to stm32f10x_flash.o(i.FLASH_WaitForLastOperation) for FLASH_WaitForLastOperation
    stm32f10x_flash.o(i.FLASH_WaitForLastBank1Operation) refers to stm32f10x_flash.o(i.FLASH_GetBank1Status) for FLASH_GetBank1Status
    stm32f10x_flash.o(i.FLASH_WaitForLastOperation) refers to stm32f10x_flash.o(i.FLASH_GetBank1Status) for FLASH_GetBank1Status
    stm32f10x_gpio.o(i.GPIO_AFIODeInit) refers to stm32f10x_rcc.o(i.RCC_APB2PeriphResetCmd) for RCC_APB2PeriphResetCmd
    stm32f10x_gpio.o(i.GPIO_DeInit) refers to stm32f10x_rcc.o(i.RCC_APB2PeriphResetCmd) for RCC_APB2PeriphResetCmd
    stm32f10x_i2c.o(i.I2C_DeInit) refers to stm32f10x_rcc.o(i.RCC_APB1PeriphResetCmd) for RCC_APB1PeriphResetCmd
    stm32f10x_i2c.o(i.I2C_Init) refers to stm32f10x_rcc.o(i.RCC_GetClocksFreq) for RCC_GetClocksFreq
    stm32f10x_pwr.o(i.PWR_DeInit) refers to stm32f10x_rcc.o(i.RCC_APB1PeriphResetCmd) for RCC_APB1PeriphResetCmd
    stm32f10x_rcc.o(i.RCC_GetClocksFreq) refers to stm32f10x_rcc.o(.data) for APBAHBPrescTable
    stm32f10x_rcc.o(i.RCC_WaitForHSEStartUp) refers to stm32f10x_rcc.o(i.RCC_GetFlagStatus) for RCC_GetFlagStatus
    stm32f10x_rtc.o(i.RTC_SetAlarm) refers to stm32f10x_rtc.o(i.RTC_EnterConfigMode) for RTC_EnterConfigMode
    stm32f10x_rtc.o(i.RTC_SetAlarm) refers to stm32f10x_rtc.o(i.RTC_ExitConfigMode) for RTC_ExitConfigMode
    stm32f10x_rtc.o(i.RTC_SetCounter) refers to stm32f10x_rtc.o(i.RTC_EnterConfigMode) for RTC_EnterConfigMode
    stm32f10x_rtc.o(i.RTC_SetCounter) refers to stm32f10x_rtc.o(i.RTC_ExitConfigMode) for RTC_ExitConfigMode
    stm32f10x_rtc.o(i.RTC_SetPrescaler) refers to stm32f10x_rtc.o(i.RTC_EnterConfigMode) for RTC_EnterConfigMode
    stm32f10x_rtc.o(i.RTC_SetPrescaler) refers to stm32f10x_rtc.o(i.RTC_ExitConfigMode) for RTC_ExitConfigMode
    stm32f10x_spi.o(i.I2S_Init) refers to stm32f10x_rcc.o(i.RCC_GetClocksFreq) for RCC_GetClocksFreq
    stm32f10x_spi.o(i.SPI_I2S_DeInit) refers to stm32f10x_rcc.o(i.RCC_APB2PeriphResetCmd) for RCC_APB2PeriphResetCmd
    stm32f10x_spi.o(i.SPI_I2S_DeInit) refers to stm32f10x_rcc.o(i.RCC_APB1PeriphResetCmd) for RCC_APB1PeriphResetCmd
    stm32f10x_tim.o(i.TIM_DeInit) refers to stm32f10x_rcc.o(i.RCC_APB2PeriphResetCmd) for RCC_APB2PeriphResetCmd
    stm32f10x_tim.o(i.TIM_DeInit) refers to stm32f10x_rcc.o(i.RCC_APB1PeriphResetCmd) for RCC_APB1PeriphResetCmd
[...]
    Lib\src\stm32f10x_cec.c                  0x00000000   Number         0  stm32f10x_cec.o ABSOLUTE
    Lib\src\stm32f10x_crc.c                  0x00000000   Number         0  stm32f10x_crc.o ABSOLUTE
    Lib\src\stm32f10x_dac.c                  0x00000000   Number         0  stm32f10x_dac.o ABSOLUTE
    Lib\src\stm32f10x_dbgmcu.c               0x00000000   Number         0  stm32f10x_dbgmcu.o ABSOLUTE
    Lib\src\stm32f10x_dma.c                  0x00000000   Number         0  stm32f10x_dma.o ABSOLUTE
    Lib\src\stm32f10x_exti.c                 0x00000000   Number         0  stm32f10x_exti.o ABSOLUTE
    Lib\src\stm32f10x_flash.c                0x00000000   Number         0  stm32f10x_flash.o ABSOLUTE
    Lib\src\stm32f10x_fsmc.c                 0x00000000   Number         0  stm32f10x_fsmc.o ABSOLUTE
    Lib\src\stm32f10x_gpio.c                 0x00000000   Number         0  stm32f10x_gpio.o ABSOLUTE
    Lib\src\stm32f10x_i2c.c                  0x00000000   Number         0  stm32f10x_i2c.o ABSOLUTE
    Lib\src\stm32f10x_iwdg.c                 0x00000000   Number         0  stm32f10x_iwdg.o ABSOLUTE
    Lib\src\stm32f10x_pwr.c                  0x00000000   Number         0  stm32f10x_pwr.o ABSOLUTE
    Lib\src\stm32f10x_rcc.c                  0x00000000   Number         0  stm32f10x_rcc.o ABSOLUTE
    Lib\src\stm32f10x_rtc.c                  0x00000000   Number         0  stm32f10x_rtc.o ABSOLUTE
    Lib\src\stm32f10x_sdio.c                 0x00000000   Number         0  stm32f10x_sdio.o ABSOLUTE
    Lib\src\stm32f10x_spi.c                  0x00000000   Number         0  stm32f10x_spi.o ABSOLUTE
    Lib\src\stm32f10x_tim.c                  0x00000000   Number         0  stm32f10x_tim.o ABSOLUTE
    Lib\src\stm32f10x_usart.c                0x00000000   Number         0  stm32f10x_usart.o ABSOLUTE
    Lib\src\stm32f10x_wwdg.c                 0x00000000   Number         0  stm32f10x_wwdg.o ABSOLUTE
    Startup\startup_stm32f10x_md.s           0x00000000   Number         0  startup_stm32f10x_md.o ABSOLUTE
    User\main.c                              0x00000000   Number         0  main.o ABSOLUTE
    User\stm32f10x_it.c                      0x00000000   Number         0  stm32f10x_it.o ABSOLUTE
    dc.s                                     0x00000000   Number         0  dc.o ABSOLUTE
    RESET                                    0x08000000   Section      236  startup_stm32f10x_md.o(RESET)
    !!!main                                  0x080000ec   Section        8  __main.o(!!!main)
    !!!scatter                               0x080000f4   Section       52  __scatter.o(!!!scatter)
    !!dczerorl2                              0x08000128   Section       90  __dczerorl2.o(!!dczerorl2)
    !!handler_zi                             0x08000184   Section       28  __scatter_zi.o(!!handler_zi)
    .ARM.Collect$$_printf_percent$$00000000  0x080001a0   Section        0  _printf_percent.o(.ARM.Collect$$_printf_percent$$00000000)
    .ARM.Collect$$_printf_percent$$00000017  0x080001a0   Section        4  _printf_percent_end.o(.ARM.Collect$$_printf_percent$$00000017)
    .ARM.Collect$$libinit$$00000000          0x080001a4   Section        2  libinit.o(.ARM.Collect$$libinit$$00000000)
    .ARM.Collect$$libinit$$00000002          0x080001a6   Section        0  libinit2.o(.ARM.Collect$$libinit$$00000002)
    .ARM.Collect$$libinit$$00000004          0x080001a6   Section        0  libinit2.o(.ARM.Collect$$libinit$$00000004)
    .ARM.Collect$$libinit$$0000000A          0x080001a6   Section        0  libinit2.o(.ARM.Collect$$libinit$$0000000A)
    .ARM.Collect$$libinit$$0000000C          0x080001a6   Section        0  libinit2.o(.ARM.Collect$$libinit$$0000000C)
    .ARM.Collect$$libinit$$0000000E          0x080001a6   Section        0  libinit2.o(.ARM.Collect$$libinit$$0000000E)
    .ARM.Collect$$libinit$$00000011          0x080001a6   Section        0  libinit2.o(.ARM.Collect$$libinit$$00000011)
    .ARM.Collect$$libinit$$00000013          0x080001a6   Section        0  libinit2.o(.ARM.Collect$$libinit$$00000013)
    .ARM.Collect$$libinit$$00000015          0x080001a6   Section        0  libinit2.o(.ARM.Collect$$libinit$$00000015)
    .ARM.Collect$$libinit$$00000017          0x080001a6   Section        0  libinit2.o(.ARM.Collect$$libinit$$00000017)
    .ARM.Collect$$libinit$$00000019          0x080001a6   Section        0  libinit2.o(.ARM.Collect$$libinit$$00000019)
    .ARM.Collect$$libinit$$0000001B          0x080001a6   Section        0  libinit2.o(.ARM.Collect$$libinit$$0000001B)
    .ARM.Collect$$libinit$$0000001D          0x080001a6   Section        0  libinit2.o(.ARM.Collect$$libinit$$0000001D)
    .ARM.Collect$$libinit$$0000001F          0x080001a6   Section        0  libinit2.o(.ARM.Collect$$libinit$$0000001F)
    .ARM.Collect$$libinit$$00000021          0x080001a6   Section        0  libinit2.o(.ARM.Collect$$libinit$$00000021)
    .ARM.Collect$$libinit$$00000023          0x080001a6   Section        0  libinit2.o(.ARM.Collect$$libinit$$00000023)
    .ARM.Collect$$libinit$$00000025          0x080001a6   Section        0  libinit2.o(.ARM.Collect$$libinit$$00000025)
    .ARM.Collect$$libinit$$0000002C          0x080001a6   Section        0  libinit2.o(.ARM.Collect$$libinit$$0000002C)
    .ARM.Collect$$libinit$$0000002E          0x080001a6   Section        0  libinit2.o(.ARM.Collect$$libinit$$0000002E)
    .ARM.Collect$$libinit$$00000030          0x080001a6   Section        0  libinit2.o(.ARM.Collect$$libinit$$00000030)
    .ARM.Collect$$libinit$$00000032          0x080001a6   Section        0  libinit2.o(.ARM.Collect$$libinit$$00000032)
    .ARM.Collect$$libinit$$00000033          0x080001a6   Section        2  libinit2.o(.ARM.Collect$$libinit$$00000033)
    .ARM.Collect$$libshutdown$$00000000      0x080001a8   Section        2  libshutdown.o(.ARM.Collect$$libshutdown$$00000000)
    .ARM.Collect$$libshutdown$$00000002      0x080001aa   Section        0  libshutdown2.o(.ARM.Collect$$libshutdown$$00000002)
    .ARM.Collect$$libshutdown$$00000004      0x080001aa   Section        0  libshutdown2.o(.ARM.Collect$$libshutdown$$00000004)
    .ARM.Collect$$libshutdown$$00000006      0x080001aa   Section        0  libshutdown2.o(.ARM.Collect$$libshutdown$$00000006)
    .ARM.Collect$$libshutdown$$00000009      0x080001aa   Section        0  libshutdown2.o(.ARM.Collect$$libshutdown$$00000009)
    .ARM.Collect$$libshutdown$$0000000C      0x080001aa   Section        0  libshutdown2.o(.ARM.Collect$$libshutdown$$0000000C)
    .ARM.Collect$$libshutdown$$0000000E      0x080001aa   Section        0  libshutdown2.o(.ARM.Collect$$libshutdown$$0000000E)
    .ARM.Collect$$libshutdown$$00000011      0x080001aa   Section        0  libshutdown2.o(.ARM.Collect$$libshutdown$$00000011)
    .ARM.Collect$$libshutdown$$00000012      0x080001aa   Section        2  libshutdown2.o(.ARM.Collect$$libshutdown$$00000012)
    .ARM.Collect$$rtentry$$00000000          0x080001ac   Section        0  __rtentry.o(.ARM.Collect$$rtentry$$00000000)
    .ARM.Collect$$rtentry$$00000002          0x080001ac   Section        0  __rtentry2.o(.ARM.Collect$$rtentry$$00000002)
    .ARM.Collect$$rtentry$$00000004          0x080001ac   Section        6  __rtentry4.o(.ARM.Collect$$rtentry$$00000004)
    .ARM.Collect$$rtentry$$00000009          0x080001b2   Section        0  __rtentry2.o(.ARM.Collect$$rtentry$$00000009)
    .ARM.Collect$$rtentry$$0000000A          0x080001b2   Section        4  __rtentry2.o(.ARM.Collect$$rtentry$$0000000A)
    .ARM.Collect$$rtentry$$0000000C          0x080001b6   Section        0  __rtentry2.o(.ARM.Collect$$rtentry$$0000000C)
    .ARM.Collect$$rtentry$$0000000D          0x080001b6   Section        8  __rtentry2.o(.ARM.Collect$$rtentry$$0000000D)
    .ARM.Collect$$rtexit$$00000000           0x080001be   Section        2  rtexit.o(.ARM.Collect$$rtexit$$00000000)
    .ARM.Collect$$rtexit$$00000002           0x080001c0   Section        0  rtexit2.o(.ARM.Collect$$rtexit$$00000002)
    .ARM.Collect$$rtexit$$00000003           0x080001c0   Section        4  rtexit2.o(.ARM.Collect$$rtexit$$00000003)
    .ARM.Collect$$rtexit$$00000004           0x080001c4   Section        6  rtexit2.o(.ARM.Collect$$rtexit$$00000004)
    .text                                    0x080001cc   Section       64  startup_stm32f10x_md.o(.text)
    .text                                    0x0800020c   Section        0  noretval__2printf.o(.text)
    .text                                    0x08000224   Section        0  __printf_flags_wp.o(.text)
    .text                                    0x0800035c   Section        0  strstr.o(.text)
    .text                                    0x08000380   Section       68  rt_memclr.o(.text)
    .text                                    0x080003c4   Section       78  rt_memclr_w.o(.text)
    .text                                    0x08000412   Section        0  heapauxi.o(.text)
    .text                                    0x08000418   Section        0  _printf_char_common.o(.text)
    _printf_input_char                       0x08000419   Thumb Code    10  _printf_char_common.o(.text)
    .text                                    0x08000448   Section        0  _printf_char_file.o(.text)
    .text                                    0x0800046c   Section        0  ferror.o(.text)
    .text                                    0x08000474   Section       74  sys_stackheap_outer.o(.text)
    .text                                    0x080004be   Section        0  exit.o(.text)
    .text                                    0x080004d0   Section        8  libspace.o(.text)
    i.ADC1_Init                              0x080004d8   Section        0  myadc.o(i.ADC1_Init)
    i.ADC_ClearFlag                          0x08000580   Section        0  stm32f10x_adc.o(i.ADC_ClearFlag)
    i.ADC_Cmd                                0x08000586   Section        0  stm32f10x_adc.o(i.ADC_Cmd)
    i.ADC_GetCalibrationStatus               0x0800059c   Section        0  stm32f10x_adc.o(i.ADC_GetCalibrationStatus)
    i.ADC_GetConversionValue                 0x080005b0   Section        0  stm32f10x_adc.o(i.ADC_GetConversionValue)
    i.ADC_GetFlagStatus                      0x080005b8   Section        0  stm32f10x_adc.o(i.ADC_GetFlagStatus)
    i.ADC_GetResetCalibrationStatus          0x080005ca   Section        0  stm32f10x_adc.o(i.ADC_GetResetCalibrationStatus)
    i.ADC_Init                               0x080005e0   Section        0  stm32f10x_adc.o(i.ADC_Init)
    i.ADC_RegularChannelConfig               0x08000630   Section        0  stm32f10x_adc.o(i.ADC_RegularChannelConfig)
    i.ADC_ResetCalibration                   0x080006e8   Section        0  stm32f10x_adc.o(i.ADC_ResetCalibration)
    i.ADC_SoftwareStartConvCmd               0x080006f2   Section        0  stm32f10x_adc.o(i.ADC_SoftwareStartConvCmd)
    i.ADC_StartCalibration                   0x08000708   Section        0  stm32f10x_adc.o(i.ADC_StartCalibration)
    i.BusFault_Handler                       0x08000712   Section        0  stm32f10x_it.o(i.BusFault_Handler)
    i.Buzzer                                 0x08000718   Section        0  main.o(i.Buzzer)
    i.ChangeSpeedMotorL                      0x08000788   Section        0  control.o(i.ChangeSpeedMotorL)
    i.ChangeSpeedMotorR                      0x08000800   Section        0  control.o(i.ChangeSpeedMotorR)
    i.ChangeTraceTurn                        0x08000878   Section        0  control.o(i.ChangeTraceTurn)
    i.CleanOperate                           0x080008b4   Section        0  main.o(i.CleanOperate)
    i.ClearBitMask                           0x080009f4   Section        0  rc522.o(i.ClearBitMask)
    i.DebugMon_Handler                       0x08000a0e   Section        0  stm32f10x_it.o(i.DebugMon_Handler)
    i.Encoder_Init                           0x08000a10   Section        0  encoder.o(i.Encoder_Init)
    i.GPIO_Init                              0x08000ae0   Section        0  stm32f10x_gpio.o(i.GPIO_Init)
    i.GPIO_PinRemapConfig                    0x08000bf8   Section        0  stm32f10x_gpio.o(i.GPIO_PinRemapConfig)
    i.GPIO_ReadInputDataBit                  0x08000c88   Section        0  stm32f10x_gpio.o(i.GPIO_ReadInputDataBit)
    i.GPIO_ResetBits                         0x08000c9a   Section        0  stm32f10x_gpio.o(i.GPIO_ResetBits)
    i.GPIO_SetBits                           0x08000c9e   Section        0  stm32f10x_gpio.o(i.GPIO_SetBits)
    i.GetMotorPulse                          0x08000ca4   Section        0  encoder.o(i.GetMotorPulse)
    i.GetTraceData                           0x08000ce8   Section        0  track.o(i.GetTraceData)
    i.Get_Adc                                0x08000e74   Section        0  myadc.o(i.Get_Adc)
    i.HardFault_Handler                      0x08000eb0   Section        0  stm32f10x_it.o(i.HardFault_Handler)
    i.M500PcdConfigISOType                   0x08000eb4   Section        0  rc522.o(i.M500PcdConfigISOType)
    i.MYGPIO_Init                            0x08000f08   Section        0  mygpio.o(i.MYGPIO_Init)
    i.MemManage_Handler                      0x08000fdc   Section        0  stm32f10x_it.o(i.MemManage_Handler)
    i.Motor_Init                             0x08000fe0   Section        0  motor.o(i.Motor_Init)
    i.Motor_Stop                             0x08001088   Section        0  motor.o(i.Motor_Stop)
    i.NMI_Handler                            0x080010a0   Section        0  stm32f10x_it.o(i.NMI_Handler)
    i.NVIC_Init                              0x080010a4   Section        0  misc.o(i.NVIC_Init)
    i.NVIC_PriorityGroupConfig               0x08001114   Section        0  misc.o(i.NVIC_PriorityGroupConfig)
    i.PID_Init                               0x08001128   Section        0  pid.o(i.PID_Init)
    i.PcdAntennaOn                           0x08001148   Section        0  rc522.o(i.PcdAntennaOn)
    i.PcdAnticoll                            0x08001162   Section        0  rc522.o(i.PcdAnticoll)
    i.PcdComMF522                            0x080011d2   Section        0  rc522.o(i.PcdComMF522)
    i.PcdRequest                             0x08001304   Section        0  rc522.o(i.PcdRequest)
    i.PcdReset                               0x08001358   Section        0  rc522.o(i.PcdReset)
    i.PendSV_Handler                         0x080013e0   Section        0  stm32f10x_it.o(i.PendSV_Handler)
    i.Position_PID_Realize                   0x080013e4   Section        0  pid.o(i.Position_PID_Realize)
    i.RC522_Handle                           0x080014a0   Section        0  rc522.o(i.RC522_Handle)
    i.RC522_Init                             0x080015f0   Section        0  rc522.o(i.RC522_Init)
    i.RCC_ADCCLKConfig                       0x08001620   Section        0  stm32f10x_rcc.o(i.RCC_ADCCLKConfig)
    i.RCC_APB1PeriphClockCmd                 0x08001638   Section        0  stm32f10x_rcc.o(i.RCC_APB1PeriphClockCmd)
    i.RCC_APB2PeriphClockCmd                 0x08001658   Section        0  stm32f10x_rcc.o(i.RCC_APB2PeriphClockCmd)
    i.RCC_GetClocksFreq                      0x08001678   Section        0  stm32f10x_rcc.o(i.RCC_GetClocksFreq)
    i.ReadRawRC                              0x0800174c   Section        0  rc522.o(i.ReadRawRC)
    i.SPI1_Init                              0x08001784   Section        0  rc522.o(i.SPI1_Init)
    i.SPI_Cmd                                0x0800187c   Section        0  stm32f10x_spi.o(i.SPI_Cmd)
    i.SPI_Init                               0x08001894   Section        0  stm32f10x_spi.o(i.SPI_Init)
    i.SPI_RC522_ReadByte                     0x080018d0   Section        0  rc522.o(i.SPI_RC522_ReadByte)
    i.SPI_RC522_SendByte                     0x08001924   Section        0  rc522.o(i.SPI_RC522_SendByte)
    i.SVC_Handler                            0x08001980   Section        0  stm32f10x_it.o(i.SVC_Handler)
    i.SetBitMask                             0x08001982   Section        0  rc522.o(i.SetBitMask)
    i.SetSysClock                            0x0800199c   Section        0  system_stm32f10x.o(i.SetSysClock)
    SetSysClock                              0x0800199d   Thumb Code     8  system_stm32f10x.o(i.SetSysClock)
    i.SetSysClockTo72                        0x080019a4   Section        0  system_stm32f10x.o(i.SetSysClockTo72)
    SetSysClockTo72                          0x080019a5   Thumb Code   214  system_stm32f10x.o(i.SetSysClockTo72)
    i.Set_PWM                                0x08001a84   Section        0  motor.o(i.Set_PWM)
    i.Straight_Trail_param                   0x08001ab0   Section        0  pid.o(i.Straight_Trail_param)
    i.SysTick_Handler                        0x08001ae4   Section        0  stm32f10x_it.o(i.SysTick_Handler)
    i.SystemInit                             0x08001ae8   Section        0  system_stm32f10x.o(i.SystemInit)
    i.TI1_Config                             0x08001b48   Section        0  stm32f10x_tim.o(i.TI1_Config)
    TI1_Config                               0x08001b49   Thumb Code   108  stm32f10x_tim.o(i.TI1_Config)
    i.TI2_Config                             0x08001bc8   Section        0  stm32f10x_tim.o(i.TI2_Config)
    TI2_Config                               0x08001bc9   Thumb Code   130  stm32f10x_tim.o(i.TI2_Config)
    i.TI3_Config                             0x08001c60   Section        0  stm32f10x_tim.o(i.TI3_Config)
    TI3_Config                               0x08001c61   Thumb Code   122  stm32f10x_tim.o(i.TI3_Config)
    i.TI4_Config                             0x08001cf0   Section        0  stm32f10x_tim.o(i.TI4_Config)
    TI4_Config                               0x08001cf1   Thumb Code   130  stm32f10x_tim.o(i.TI4_Config)
    i.TIM4_IRQHandler                        0x08001d88   Section        0  control.o(i.TIM4_IRQHandler)
    i.TIM4_Init                              0x08001e94   Section        0  timer.o(i.TIM4_Init)
    i.TIM_ARRPreloadConfig                   0x08001ef0   Section        0  stm32f10x_tim.o(i.TIM_ARRPreloadConfig)
    i.TIM_ClearITPendingBit                  0x08001f08   Section        0  stm32f10x_tim.o(i.TIM_ClearITPendingBit)
    i.TIM_Cmd                                0x08001f0e   Section        0  stm32f10x_tim.o(i.TIM_Cmd)
    i.TIM_EncoderInterfaceConfig             0x08001f26   Section        0  stm32f10x_tim.o(i.TIM_EncoderInterfaceConfig)
    i.TIM_GetCounter                         0x08001f68   Section        0  stm32f10x_tim.o(i.TIM_GetCounter)
    i.TIM_GetITStatus                        0x08001f6e   Section        0  stm32f10x_tim.o(i.TIM_GetITStatus)
    i.TIM_ICInit                             0x08001f90   Section        0  stm32f10x_tim.o(i.TIM_ICInit)
    i.TIM_ICStructInit                       0x0800203c   Section        0  stm32f10x_tim.o(i.TIM_ICStructInit)
    i.TIM_ITConfig                           0x0800204e   Section        0  stm32f10x_tim.o(i.TIM_ITConfig)
    i.TIM_OC3Init                            0x08002060   Section        0  stm32f10x_tim.o(i.TIM_OC3Init)
    i.TIM_OC3PreloadConfig                   0x08002100   Section        0  stm32f10x_tim.o(i.TIM_OC3PreloadConfig)
    i.TIM_OC4Init                            0x08002114   Section        0  stm32f10x_tim.o(i.TIM_OC4Init)
    i.TIM_OC4PreloadConfig                   0x08002190   Section        0  stm32f10x_tim.o(i.TIM_OC4PreloadConfig)
    i.TIM_SetCompare3                        0x080021aa   Section        0  stm32f10x_tim.o(i.TIM_SetCompare3)
    i.TIM_SetCompare4                        0x080021ae   Section        0  stm32f10x_tim.o(i.TIM_SetCompare4)
    i.TIM_SetCounter                         0x080021b4   Section        0  stm32f10x_tim.o(i.TIM_SetCounter)
    i.TIM_SetIC1Prescaler                    0x080021b8   Section        0  stm32f10x_tim.o(i.TIM_SetIC1Prescaler)
    i.TIM_SetIC2Prescaler                    0x080021ca   Section        0  stm32f10x_tim.o(i.TIM_SetIC2Prescaler)
    i.TIM_SetIC3Prescaler                    0x080021e4   Section        0  stm32f10x_tim.o(i.TIM_SetIC3Prescaler)
    i.TIM_SetIC4Prescaler                    0x080021f6   Section        0  stm32f10x_tim.o(i.TIM_SetIC4Prescaler)
    i.TIM_TimeBaseInit                       0x08002210   Section        0  stm32f10x_tim.o(i.TIM_TimeBaseInit)
    i.TraceMove                              0x080022b4   Section        0  control.o(i.TraceMove)
    i.Track_Init                             0x08002330   Section        0  track.o(i.Track_Init)
    i.Turn_PID_Realize                       0x08002378   Section        0  pid.o(i.Turn_PID_Realize)
    i.USART1_IRQHandler                      0x080023c4   Section        0  usart.o(i.USART1_IRQHandler)
    i.USART_Cmd                              0x08002418   Section        0  stm32f10x_usart.o(i.USART_Cmd)
    i.USART_GetITStatus                      0x08002430   Section        0  stm32f10x_usart.o(i.USART_GetITStatus)
    i.USART_ITConfig                         0x08002484   Section        0  stm32f10x_usart.o(i.USART_ITConfig)
    i.USART_Init                             0x080024d0   Section        0  stm32f10x_usart.o(i.USART_Init)
    i.USART_ReceiveData                      0x080025a8   Section        0  stm32f10x_usart.o(i.USART_ReceiveData)
    i.UsageFault_Handler                     0x080025b2   Section        0  stm32f10x_it.o(i.UsageFault_Handler)
    i.WriteRawRC                             0x080025b8   Section        0  rc522.o(i.WriteRawRC)
    i._is_digit                              0x080025ec   Section        0  __printf_wp.o(i._is_digit)
    i._sys_exit                              0x080025fa   Section        0  usart.o(i._sys_exit)
    i.delay_ms                               0x080025fe   Section        0  delay.o(i.delay_ms)
    i.delay_us                               0x0800261c   Section        0  delay.o(i.delay_us)
    i.fputc                                  0x0800265c   Section        0  usart.o(i.fputc)
    i.gfp_abs                                0x08002678   Section        0  motor.o(i.gfp_abs)
    i.judgeRecData                           0x08002688   Section        0  usart.o(i.judgeRecData)
    i.main                                   0x08002738   Section        0  main.o(i.main)
    i.uart_init                              0x08002894   Section        0  usart.o(i.uart_init)
    x$fpl$fadd                               0x08002938   Section      196  faddsub_clz.o(x$fpl$fadd)
    _fadd1                                   0x08002947   Thumb Code     0  faddsub_clz.o(x$fpl$fadd)
    x$fpl$fcmpinf                            0x080029fc   Section       24  fcmpi.o(x$fpl$fcmpinf)
    x$fpl$fdiv                               0x08002a14   Section      388  fdiv.o(x$fpl$fdiv)
    _fdiv1                                   0x08002a15   Thumb Code     0  fdiv.o(x$fpl$fdiv)
    x$fpl$ffix                               0x08002b98   Section       54  ffix.o(x$fpl$ffix)
    x$fpl$fflt                               0x08002bd0   Section       48  fflt_clz.o(x$fpl$fflt)
    x$fpl$fleqf                              0x08002c00   Section      104  fleqf.o(x$fpl$fleqf)
    x$fpl$fmul                               0x08002c68   Section      258  fmul.o(x$fpl$fmul)
    x$fpl$fnaninf                            0x08002d6a   Section      140  fnaninf.o(x$fpl$fnaninf)
    x$fpl$fretinf                            0x08002df6   Section       10  fretinf.o(x$fpl$fretinf)
    x$fpl$frleqf                             0x08002e00   Section       98  frleqf.o(x$fpl$frleqf)
    x$fpl$frsb                               0x08002e62   Section       20  faddsub_clz.o(x$fpl$frsb)
    x$fpl$fsub                               0x08002e78   Section      234  faddsub_clz.o(x$fpl$fsub)
    _fsub1                                   0x08002e87   Thumb Code     0  faddsub_clz.o(x$fpl$fsub)
    .constdata                               0x08002f62   Section       17  __printf_flags_wp.o(.constdata)
    x$fpl$usenofp                            0x08002f62   Section        0  usenofp.o(x$fpl$usenofp)
    maptable                                 0x08002f62   Data          17  __printf_flags_wp.o(.constdata)
    .data                                    0x20000000   Section       20  stm32f10x_rcc.o(.data)
    APBAHBPrescTable                         0x20000000   Data          16  stm32f10x_rcc.o(.data)
    ADCPrescTable                            0x20000010   Data           4  stm32f10x_rcc.o(.data)
    .data                                    0x20000014   Section       16  main.o(.data)
    .data                                    0x20000024   Section        2  usart.o(.data)
    .data                                    0x20000026   Section      127  rc522.o(.data)
    .data                                    0x200000a8   Section       72  track.o(.data)
    PosFlagValue                             0x200000b0   Data           4  track.o(.data)
    LeftMax                                  0x200000d4   Data           4  track.o(.data)
    RightMax                                 0x200000d8   Data           4  track.o(.data)
    MidMax                                   0x200000dc   Data           4  track.o(.data)
    Left_Thersh                              0x200000e0   Data           4  track.o(.data)
    Right_Thersh                             0x200000e4   Data           4  track.o(.data)
    Left_Span                                0x200000e8   Data           4  track.o(.data)
    Right_Span                               0x200000ec   Data           4  track.o(.data)
    .data                                    0x200000f0   Section       20  control.o(.data)
    .data                                    0x20000104   Section       72  pid.o(.data)
    Location_Error                           0x20000104   Data           4  pid.o(.data)
    Location_ErrorLast                       0x20000108   Data           4  pid.o(.data)
    Location_Integral                        0x2000010c   Data           4  pid.o(.data)
    Location_Out                             0x20000110   Data           4  pid.o(.data)
    Velocity_Error                           0x20000114   Data           4  pid.o(.data)
    Velocity_ErrorLast                       0x20000118   Data           4  pid.o(.data)
    Velocity_Integral                        0x2000011c   Data           4  pid.o(.data)
    Velocity_Out                             0x20000120   Data           4  pid.o(.data)
    Bias                                     0x20000124   Data           4  pid.o(.data)
    Pwm                                      0x20000128   Data           4  pid.o(.data)
    Last_Bias                                0x2000012c   Data           4  pid.o(.data)
    Integral_bias                            0x20000130   Data           4  pid.o(.data)
    Bias                                     0x20000134   Data           4  pid.o(.data)
    Pwm                                      0x20000138   Data           4  pid.o(.data)
    Last_bias                                0x2000013c   Data           4  pid.o(.data)
    Prev_bias                                0x20000140   Data           4  pid.o(.data)
    Turn                                     0x20000144   Data           4  pid.o(.data)
    Last_Bias                                0x20000148   Data           4  pid.o(.data)
    .bss                                     0x2000014c   Section      124  usart.o(.bss)
    .bss                                     0x200001c8   Section      100  pid.o(.bss)
    .bss                                     0x2000022c   Section       84  motor.o(.bss)
    .bss                                     0x20000280   Section       96  libspace.o(.bss)
    HEAP                                     0x200002e0   Section      512  startup_stm32f10x_md.o(HEAP)
    Heap_Mem                                 0x200002e0   Data         512  startup_stm32f10x_md.o(HEAP)
    STACK                                    0x200004e0   Section     1024  startup_stm32f10x_md.o(STACK)
    Stack_Mem                                0x200004e0   Data        1024  startup_stm32f10x_md.o(STACK)
    __initial_sp                             0x200008e0   Data           0  startup_stm32f10x_md.o(STACK)

    Global Symbols

    Symbol Name                              Value     Ov Type        Size  Object(Section)

    BuildAttributes$$THM_ISAv4$P$D$K$B$S$PE$A:L22UL41UL21$X:L11$S22US41US21$IEEE1$IW$USESV6$~STKCKD$USESV7$~SHL$OSPACE$ROPI$EBA8$UX$STANDARDLIB$REQ8$PRES8$EABIv2 0x00000000   Number         0  anon$$obj.o ABSOLUTE
    __ARM_use_no_argv                        0x00000000   Number         0  main.o ABSOLUTE
    _printf_flags                            0x00000000   Number         0  printf_stubs.o ABSOLUTE
    _printf_return_value                     0x00000000   Number         0  printf_stubs.o ABSOLUTE
    _printf_sizespec                         0x00000000   Number         0  printf_stubs.o ABSOLUTE
    _printf_widthprec                        0x00000000   Number         0  printf_stubs.o ABSOLUTE
    __ARM_exceptions_init                     - Undefined Weak Reference
    __alloca_initialize                       - Undefined Weak Reference
    __arm_fini_                               - Undefined Weak Reference
    __arm_preinit_                            - Undefined Weak Reference
    __cpp_initialize__aeabi_                  - Undefined Weak Reference
    __cxa_finalize                            - Undefined Weak Reference
    __rt_locale                               - Undefined Weak Reference
    __sigvec_lookup                           - Undefined Weak Reference
    _atexit_init                              - Undefined Weak Reference
    _call_atexit_fns                          - Undefined Weak Reference
    _clock_init                               - Undefined Weak Reference
    _fp_trap_init                             - Undefined Weak Reference
    _fp_trap_shutdown                         - Undefined Weak Reference
    _get_lc_collate                           - Undefined Weak Reference
    _get_lc_ctype                             - Undefined Weak Reference
    _get_lc_monetary                          - Undefined Weak Reference
    _get_lc_numeric                           - Undefined Weak Reference
    _get_lc_time                              - Undefined Weak Reference
    _getenv_init                              - Undefined Weak Reference
    _handle_redirection                       - Undefined Weak Reference
    _init_alloc                               - Undefined Weak Reference
    _init_user_alloc                          - Undefined Weak Reference
    _initio                                   - Undefined Weak Reference
    _mutex_acquire                            - Undefined Weak Reference
    _mutex_release                            - Undefined Weak Reference
    _printf_mbtowc                            - Undefined Weak Reference
    _printf_truncate_signed                   - Undefined Weak Reference
    _printf_truncate_unsigned                 - Undefined Weak Reference
    _rand_init                                - Undefined Weak Reference
    _signal_finish                            - Undefined Weak Reference
    _signal_init                              - Undefined Weak Reference
    _terminate_alloc                          - Undefined Weak Reference
    _terminate_user_alloc                     - Undefined Weak Reference
    _terminateio                              - Undefined Weak Reference
    __Vectors_Size                           0x000000ec   Number         0  startup_stm32f10x_md.o ABSOLUTE
    __Vectors                                0x08000000   Data           4  startup_stm32f10x_md.o(RESET)
    __Vectors_End                            0x080000ec   Data           0  startup_stm32f10x_md.o(RESET)
    __main                                   0x080000ed   Thumb Code     8  __main.o(!!!main)
    __scatterload                            0x080000f5   Thumb Code     0  __scatter.o(!!!scatter)
    __scatterload_rt2                        0x080000f5   Thumb Code    44  __scatter.o(!!!scatter)
    __scatterload_rt2_thumb_only             0x080000f5   Thumb Code     0  __scatter.o(!!!scatter)
    __scatterload_null                       0x08000103   Thumb Code     0  __scatter.o(!!!scatter)
    __decompress                             0x08000129   Thumb Code    90  __dczerorl2.o(!!dczerorl2)
    __decompress1                            0x08000129   Thumb Code     0  __dczerorl2.o(!!dczerorl2)
    __scatterload_zeroinit                   0x08000185   Thumb Code    28  __scatter_zi.o(!!handler_zi)
    _printf_percent                          0x080001a1   Thumb Code     0  _printf_percent.o(.ARM.Collect$$_printf_percent$$00000000)
    _printf_percent_end                      0x080001a1   Thumb Code     0  _printf_percent_end.o(.ARM.Collect$$_printf_percent$$00000017)
    __rt_lib_init                            0x080001a5   Thumb Code     0  libinit.o(.ARM.Collect$$libinit$$00000000)
    __rt_lib_init_alloca_1                   0x080001a7   Thumb Code     0  libinit2.o(.ARM.Collect$$libinit$$0000002E)
    __rt_lib_init_argv_1                     0x080001a7   Thumb Code     0  libinit2.o(.ARM.Collect$$libinit$$0000002C)
    __rt_lib_init_atexit_1                   0x080001a7   Thumb Code     0  libinit2.o(.ARM.Collect$$libinit$$0000001B)
    __rt_lib_init_clock_1                    0x080001a7   Thumb Code     0  libinit2.o(.ARM.Collect$$libinit$$00000021)
    __rt_lib_init_cpp_1                      0x080001a7   Thumb Code     0  libinit2.o(.ARM.Collect$$libinit$$00000032)
    __rt_lib_init_exceptions_1               0x080001a7   Thumb Code     0  libinit2.o(.ARM.Collect$$libinit$$00000030)
    __rt_lib_init_fp_1                       0x080001a7   Thumb Code     0  libinit2.o(.ARM.Collect$$libinit$$00000002)
    __rt_lib_init_fp_trap_1                  0x080001a7   Thumb Code     0  libinit2.o(.ARM.Collect$$libinit$$0000001F)
    __rt_lib_init_getenv_1                   0x080001a7   Thumb Code     0  libinit2.o(.ARM.Collect$$libinit$$00000023)
    __rt_lib_init_heap_1                     0x080001a7   Thumb Code     0  libinit2.o(.ARM.Collect$$libinit$$0000000A)
    __rt_lib_init_lc_collate_1               0x080001a7   Thumb Code     0  libinit2.o(.ARM.Collect$$libinit$$00000011)
    __rt_lib_init_lc_ctype_1                 0x080001a7   Thumb Code     0  libinit2.o(.ARM.Collect$$libinit$$00000013)
    __rt_lib_init_lc_monetary_1              0x080001a7   Thumb Code     0  libinit2.o(.ARM.Collect$$libinit$$00000015)
    __rt_lib_init_lc_numeric_1               0x080001a7   Thumb Code     0  libinit2.o(.ARM.Collect$$libinit$$00000017)
    __rt_lib_init_lc_time_1                  0x080001a7   Thumb Code     0  libinit2.o(.ARM.Collect$$libinit$$00000019)
    __rt_lib_init_preinit_1                  0x080001a7   Thumb Code     0  libinit2.o(.ARM.Collect$$libinit$$00000004)
    __rt_lib_init_rand_1                     0x080001a7   Thumb Code     0  libinit2.o(.ARM.Collect$$libinit$$0000000E)
    __rt_lib_init_return                     0x080001a7   Thumb Code     0  libinit2.o(.ARM.Collect$$libinit$$00000033)
    __rt_lib_init_signal_1                   0x080001a7   Thumb Code     0  libinit2.o(.ARM.Collect$$libinit$$0000001D)
    __rt_lib_init_stdio_1                    0x080001a7   Thumb Code     0  libinit2.o(.ARM.Collect$$libinit$$00000025)
    __rt_lib_init_user_alloc_1               0x080001a7   Thumb Code     0  libinit2.o(.ARM.Collect$$libinit$$0000000C)
    __rt_lib_shutdown                        0x080001a9   Thumb Code     0  libshutdown.o(.ARM.Collect$$libshutdown$$00000000)
    __rt_lib_shutdown_cpp_1                  0x080001ab   Thumb Code     0  libshutdown2.o(.ARM.Collect$$libshutdown$$00000004)
    __rt_lib_shutdown_fini_1                 0x080001ab   Thumb Code     0  libshutdown2.o(.ARM.Collect$$libshutdown$$00000002)
    __rt_lib_shutdown_fp_trap_1              0x080001ab   Thumb Code     0  libshutdown2.o(.ARM.Collect$$libshutdown$$00000009)
    __rt_lib_shutdown_heap_1                 0x080001ab   Thumb Code     0  libshutdown2.o(.ARM.Collect$$libshutdown$$00000011)
    __rt_lib_shutdown_return                 0x080001ab   Thumb Code     0  libshutdown2.o(.ARM.Collect$$libshutdown$$00000012)
    __rt_lib_shutdown_signal_1               0x080001ab   Thumb Code     0  libshutdown2.o(.ARM.Collect$$libshutdown$$0000000C)
    __rt_lib_shutdown_stdio_1                0x080001ab   Thumb Code     0  libshutdown2.o(.ARM.Collect$$libshutdown$$00000006)
    __rt_lib_shutdown_user_alloc_1           0x080001ab   Thumb Code     0  libshutdown2.o(.ARM.Collect$$libshutdown$$0000000E)
    __rt_entry                               0x080001ad   Thumb Code     0  __rtentry.o(.ARM.Collect$$rtentry$$00000000)
    __rt_entry_presh_1                       0x080001ad   Thumb Code     0  __rtentry2.o(.ARM.Collect$$rtentry$$00000002)
    __rt_entry_sh                            0x080001ad   Thumb Code     0  __rtentry4.o(.ARM.Collect$$rtentry$$00000004)
    __rt_entry_li                            0x080001b3   Thumb Code     0  __rtentry2.o(.ARM.Collect$$rtentry$$0000000A)
    __rt_entry_postsh_1                      0x080001b3   Thumb Code     0  __rtentry2.o(.ARM.Collect$$rtentry$$00000009)
    __rt_entry_main                          0x080001b7   Thumb Code     0  __rtentry2.o(.ARM.Collect$$rtentry$$0000000D)
    __rt_entry_postli_1                      0x080001b7   Thumb Code     0  __rtentry2.o(.ARM.Collect$$rtentry$$0000000C)
    __rt_exit                                0x080001bf   Thumb Code     0  rtexit.o(.ARM.Collect$$rtexit$$00000000)
    __rt_exit_ls                             0x080001c1   Thumb Code     0  rtexit2.o(.ARM.Collect$$rtexit$$00000003)
    __rt_exit_prels_1                        0x080001c1   Thumb Code     0  rtexit2.o(.ARM.Collect$$rtexit$$00000002)
    __rt_exit_exit                           0x080001c5   Thumb Code     0  rtexit2.o(.ARM.Collect$$rtexit$$00000004)
    Reset_Handler                            0x080001cd   Thumb Code     8  startup_stm32f10x_md.o(.text)
    ADC1_2_IRQHandler                        0x080001e7   Thumb Code     0  startup_stm32f10x_md.o(.text)
    CAN1_RX1_IRQHandler                      0x080001e7   Thumb Code     0  startup_stm32f10x_md.o(.text)
    CAN1_SCE_IRQHandler                      0x080001e7   Thumb Code     0  startup_stm32f10x_md.o(.text)
    DMA1_Channel1_IRQHandler                 0x080001e7   Thumb Code     0  startup_stm32f10x_md.o(.text)
    DMA1_Channel2_IRQHandler                 0x080001e7   Thumb Code     0  startup_stm32f10x_md.o(.text)
    DMA1_Channel3_IRQHandler                 0x080001e7   Thumb Code     0  startup_stm32f10x_md.o(.text)
    DMA1_Channel4_IRQHandler                 0x080001e7   Thumb Code     0  startup_stm32f10x_md.o(.text)
    DMA1_Channel5_IRQHandler                 0x080001e7   Thumb Code     0  startup_stm32f10x_md.o(.text)
    DMA1_Channel6_IRQHandler                 0x080001e7   Thumb Code     0  startup_stm32f10x_md.o(.text)
    DMA1_Channel7_IRQHandler                 0x080001e7   Thumb Code     0  startup_stm32f10x_md.o(.text)
    EXTI0_IRQHandler                         0x080001e7   Thumb Code     0  startup_stm32f10x_md.o(.text)
    EXTI15_10_IRQHandler                     0x080001e7   Thumb Code     0  startup_stm32f10x_md.o(.text)
    EXTI1_IRQHandler                         0x080001e7   Thumb Code     0  startup_stm32f10x_md.o(.text)
    EXTI2_IRQHandler                         0x080001e7   Thumb Code     0  startup_stm32f10x_md.o(.text)
    EXTI3_IRQHandler                         0x080001e7   Thumb Code     0  startup_stm32f10x_md.o(.text)
    EXTI4_IRQHandler                         0x080001e7   Thumb Code     0  startup_stm32f10x_md.o(.text)
    EXTI9_5_IRQHandler                       0x080001e7   Thumb Code     0  startup_stm32f10x_md.o(.text)
    FLASH_IRQHandler                         0x080001e7   Thumb Code     0  startup_stm32f10x_md.o(.text)
    I2C1_ER_IRQHandler                       0x080001e7   Thumb Code     0  startup_stm32f10x_md.o(.text)
    I2C1_EV_IRQHandler                       0x080001e7   Thumb Code     0  startup_stm32f10x_md.o(.text)
    I2C2_ER_IRQHandler                       0x080001e7   Thumb Code     0  startup_stm32f10x_md.o(.text)
    I2C2_EV_IRQHandler                       0x080001e7   Thumb Code     0  startup_stm32f10x_md.o(.text)
    PVD_IRQHandler                           0x080001e7   Thumb Code     0  startup_stm32f10x_md.o(.text)
    RCC_IRQHandler                           0x080001e7   Thumb Code     0  startup_stm32f10x_md.o(.text)
    RTCAlarm_IRQHandler                      0x080001e7   Thumb Code     0  startup_stm32f10x_md.o(.text)
    RTC_IRQHandler                           0x080001e7   Thumb Code     0  startup_stm32f10x_md.o(.text)
    SPI1_IRQHandler                          0x080001e7   Thumb Code     0  startup_stm32f10x_md.o(.text)
    SPI2_IRQHandler                          0x080001e7   Thumb Code     0  startup_stm32f10x_md.o(.text)
    TAMPER_IRQHandler                        0x080001e7   Thumb Code     0  startup_stm32f10x_md.o(.text)
    TIM1_BRK_IRQHandler                      0x080001e7   Thumb Code     0  startup_stm32f10x_md.o(.text)
    TIM1_CC_IRQHandler                       0x080001e7   Thumb Code     0  startup_stm32f10x_md.o(.text)
    TIM1_TRG_COM_IRQHandler                  0x080001e7   Thumb Code     0  startup_stm32f10x_md.o(.text)
    TIM1_UP_IRQHandler                       0x080001e7   Thumb Code     0  startup_stm32f10x_md.o(.text)
    TIM2_IRQHandler                          0x080001e7   Thumb Code     0  startup_stm32f10x_md.o(.text)
    TIM3_IRQHandler                          0x080001e7   Thumb Code     0  startup_stm32f10x_md.o(.text)
    USART2_IRQHandler                        0x080001e7   Thumb Code     0  startup_stm32f10x_md.o(.text)
    USART3_IRQHandler                        0x080001e7   Thumb Code     0  startup_stm32f10x_md.o(.text)
    USBWakeUp_IRQHandler                     0x080001e7   Thumb Code     0  startup_stm32f10x_md.o(.text)
    USB_HP_CAN1_TX_IRQHandler                0x080001e7   Thumb Code     0  startup_stm32f10x_md.o(.text)
    USB_LP_CAN1_RX0_IRQHandler               0x080001e7   Thumb Code     0  startup_stm32f10x_md.o(.text)
    WWDG_IRQHandler                          0x080001e7   Thumb Code     0  startup_stm32f10x_md.o(.text)
    __user_initial_stackheap                 0x080001e9   Thumb Code     0  startup_stm32f10x_md.o(.text)
    __2printf                                0x0800020d   Thumb Code    20  noretval__2printf.o(.text)
    __printf                                 0x08000225   Thumb Code   308  __printf_flags_wp.o(.text)
    strstr                                   0x0800035d   Thumb Code    36  strstr.o(.text)
    __aeabi_memclr                           0x08000381   Thumb Code     0  rt_memclr.o(.text)
    __rt_memclr                              0x08000381   Thumb Code    68  rt_memclr.o(.text)
    _memset                                  0x08000385   Thumb Code     0  rt_memclr.o(.text)
    __aeabi_memclr4                          0x080003c5   Thumb Code     0  rt_memclr_w.o(.text)
    __aeabi_memclr8                          0x080003c5   Thumb Code     0  rt_memclr_w.o(.text)
    __rt_memclr_w                            0x080003c5   Thumb Code    78  rt_memclr_w.o(.text)
    _memset_w                                0x080003c9   Thumb Code     0  rt_memclr_w.o(.text)
    __use_two_region_memory                  0x08000413   Thumb Code     2  heapauxi.o(.text)
    __rt_heap_escrow$2region                 0x08000415   Thumb Code     2  heapauxi.o(.text)
    __rt_heap_expand$2region                 0x08000417   Thumb Code     2  heapauxi.o(.text)
    _printf_char_common                      0x08000423   Thumb Code    32  _printf_char_common.o(.text)
    _printf_char_file                        0x08000449   Thumb Code    32  _printf_char_file.o(.text)
    ferror                                   0x0800046d   Thumb Code     8  ferror.o(.text)
    __user_setup_stackheap                   0x08000475   Thumb Code    74  sys_stackheap_outer.o(.text)
    exit                                     0x080004bf   Thumb Code    18  exit.o(.text)
    __user_libspace                          0x080004d1   Thumb Code     8  libspace.o(.text)
    __user_perproc_libspace                  0x080004d1   Thumb Code     0  libspace.o(.text)
    __user_perthread_libspace                0x080004d1   Thumb Code     0  libspace.o(.text)
    ADC1_Init                                0x080004d9   Thumb Code   154  myadc.o(i.ADC1_Init)
    ADC_ClearFlag                            0x08000581   Thumb Code     6  stm32f10x_adc.o(i.ADC_ClearFlag)
    ADC_Cmd                                  0x08000587   Thumb Code    22  stm32f10x_adc.o(i.ADC_Cmd)
    ADC_GetCalibrationStatus                 0x0800059d   Thumb Code    20  stm32f10x_adc.o(i.ADC_GetCalibrationStatus)
    ADC_GetConversionValue                   0x080005b1   Thumb Code     8  stm32f10x_adc.o(i.ADC_GetConversionValue)
    ADC_GetFlagStatus                        0x080005b9   Thumb Code    18  stm32f10x_adc.o(i.ADC_GetFlagStatus)
    ADC_GetResetCalibrationStatus            0x080005cb   Thumb Code    20  stm32f10x_adc.o(i.ADC_GetResetCalibrationStatus)
    ADC_Init                                 0x080005e1   Thumb Code    70  stm32f10x_adc.o(i.ADC_Init)
    ADC_RegularChannelConfig                 0x08000631   Thumb Code   184  stm32f10x_adc.o(i.ADC_RegularChannelConfig)
    ADC_ResetCalibration                     0x080006e9   Thumb Code    10  stm32f10x_adc.o(i.ADC_ResetCalibration)
    ADC_SoftwareStartConvCmd                 0x080006f3   Thumb Code    22  stm32f10x_adc.o(i.ADC_SoftwareStartConvCmd)
    ADC_StartCalibration                     0x08000709   Thumb Code    10  stm32f10x_adc.o(i.ADC_StartCalibration)
    BusFault_Handler                         0x08000713   Thumb Code     4  stm32f10x_it.o(i.BusFault_Handler)
    Buzzer                                   0x08000719   Thumb Code   106  main.o(i.Buzzer)
    ChangeSpeedMotorL                        0x08000789   Thumb Code   102  control.o(i.ChangeSpeedMotorL)
    ChangeSpeedMotorR                        0x08000801   Thumb Code   102  control.o(i.ChangeSpeedMotorR)
    ChangeTraceTurn                          0x08000879   Thumb Code    56  control.o(i.ChangeTraceTurn)
    CleanOperate                             0x080008b5   Thumb Code   314  main.o(i.CleanOperate)
    ClearBitMask                             0x080009f5   Thumb Code    26  rc522.o(i.ClearBitMask)
    DebugMon_Handler                         0x08000a0f   Thumb Code     2  stm32f10x_it.o(i.DebugMon_Handler)
    Encoder_Init                             0x08000a11   Thumb Code   196  encoder.o(i.Encoder_Init)
    GPIO_Init                                0x08000ae1   Thumb Code   278  stm32f10x_gpio.o(i.GPIO_Init)
    GPIO_PinRemapConfig                      0x08000bf9   Thumb Code   138  stm32f10x_gpio.o(i.GPIO_PinRemapConfig)
    GPIO_ReadInputDataBit                    0x08000c89   Thumb Code    18  stm32f10x_gpio.o(i.GPIO_ReadInputDataBit)
    GPIO_ResetBits                           0x08000c9b   Thumb Code     4  stm32f10x_gpio.o(i.GPIO_ResetBits)
    GPIO_SetBits                             0x08000c9f   Thumb Code     4  stm32f10x_gpio.o(i.GPIO_SetBits)
    GetMotorPulse                            0x08000ca5   Thumb Code    60  encoder.o(i.GetMotorPulse)
    GetTraceData                             0x08000ce9   Thumb Code   356  track.o(i.GetTraceData)
    Get_Adc                                  0x08000e75   Thumb Code    54  myadc.o(i.Get_Adc)
    HardFault_Handler                        0x08000eb1   Thumb Code     4  stm32f10x_it.o(i.HardFault_Handler)
    M500PcdConfigISOType                     0x08000eb5   Thumb Code    84  rc522.o(i.M500PcdConfigISOType)
    MYGPIO_Init                              0x08000f09   Thumb Code   198  mygpio.o(i.MYGPIO_Init)
    MemManage_Handler                        0x08000fdd   Thumb Code     4  stm32f10x_it.o(i.MemManage_Handler)
    Motor_Init                               0x08000fe1   Thumb Code   164  motor.o(i.Motor_Init)
    Motor_Stop                               0x08001089   Thumb Code    24  motor.o(i.Motor_Stop)
    NMI_Handler                              0x080010a1   Thumb Code     2  stm32f10x_it.o(i.NMI_Handler)
    NVIC_Init                                0x080010a5   Thumb Code   100  misc.o(i.NVIC_Init)
    NVIC_PriorityGroupConfig                 0x08001115   Thumb Code    10  misc.o(i.NVIC_PriorityGroupConfig)
    PID_Init                                 0x08001129   Thumb Code    24  pid.o(i.PID_Init)
    PcdAntennaOn                             0x08001149   Thumb Code    26  rc522.o(i.PcdAntennaOn)
    PcdAnticoll                              0x08001163   Thumb Code   112  rc522.o(i.PcdAnticoll)
    PcdComMF522                              0x080011d3   Thumb Code   306  rc522.o(i.PcdComMF522)
    PcdRequest                               0x08001305   Thumb Code    84  rc522.o(i.PcdRequest)
    PcdReset                                 0x08001359   Thumb Code   130  rc522.o(i.PcdReset)
    PendSV_Handler                           0x080013e1   Thumb Code     2  stm32f10x_it.o(i.PendSV_Handler)
    Position_PID_Realize                     0x080013e5   Thumb Code   160  pid.o(i.Position_PID_Realize)
    RC522_Handle                             0x080014a1   Thumb Code   268  rc522.o(i.RC522_Handle)
    RC522_Init                               0x080015f1   Thumb Code    38  rc522.o(i.RC522_Init)
    RCC_ADCCLKConfig                         0x08001621   Thumb Code    18  stm32f10x_rcc.o(i.RCC_ADCCLKConfig)
    RCC_APB1PeriphClockCmd                   0x08001639   Thumb Code    26  stm32f10x_rcc.o(i.RCC_APB1PeriphClockCmd)
    RCC_APB2PeriphClockCmd                   0x08001659   Thumb Code    26  stm32f10x_rcc.o(i.RCC_APB2PeriphClockCmd)
    RCC_GetClocksFreq                        0x08001679   Thumb Code   192  stm32f10x_rcc.o(i.RCC_GetClocksFreq)
    ReadRawRC                                0x0800174d   Thumb Code    50  rc522.o(i.ReadRawRC)
    SPI1_Init                                0x08001785   Thumb Code   236  rc522.o(i.SPI1_Init)
    SPI_Cmd                                  0x0800187d   Thumb Code    24  stm32f10x_spi.o(i.SPI_Cmd)
    SPI_Init                                 0x08001895   Thumb Code    60  stm32f10x_spi.o(i.SPI_Init)
    SPI_RC522_ReadByte                       0x080018d1   Thumb Code    78  rc522.o(i.SPI_RC522_ReadByte)
    SPI_RC522_SendByte                       0x08001925   Thumb Code    88  rc522.o(i.SPI_RC522_SendByte)
    SVC_Handler                              0x08001981   Thumb Code     2  stm32f10x_it.o(i.SVC_Handler)
    SetBitMask                               0x08001983   Thumb Code    26  rc522.o(i.SetBitMask)
    Set_PWM                                  0x08001a85   Thumb Code    44  motor.o(i.Set_PWM)
    Straight_Trail_param                     0x08001ab1   Thumb Code    26  pid.o(i.Straight_Trail_param)
    SysTick_Handler                          0x08001ae5   Thumb Code     2  stm32f10x_it.o(i.SysTick_Handler)
    SystemInit                               0x08001ae9   Thumb Code    78  system_stm32f10x.o(i.SystemInit)
    TIM4_IRQHandler                          0x08001d89   Thumb Code   202  control.o(i.TIM4_IRQHandler)
    TIM4_Init                                0x08001e95   Thumb Code    88  timer.o(i.TIM4_Init)
    TIM_ARRPreloadConfig                     0x08001ef1   Thumb Code    24  stm32f10x_tim.o(i.TIM_ARRPreloadConfig)
    TIM_ClearITPendingBit                    0x08001f09   Thumb Code     6  stm32f10x_tim.o(i.TIM_ClearITPendingBit)
    TIM_Cmd                                  0x08001f0f   Thumb Code    24  stm32f10x_tim.o(i.TIM_Cmd)
    TIM_EncoderInterfaceConfig               0x08001f27   Thumb Code    66  stm32f10x_tim.o(i.TIM_EncoderInterfaceConfig)
    TIM_GetCounter                           0x08001f69   Thumb Code     6  stm32f10x_tim.o(i.TIM_GetCounter)
    TIM_GetITStatus                          0x08001f6f   Thumb Code    34  stm32f10x_tim.o(i.TIM_GetITStatus)
    TIM_ICInit                               0x08001f91   Thumb Code   150  stm32f10x_tim.o(i.TIM_ICInit)
    TIM_ICStructInit                         0x0800203d   Thumb Code    18  stm32f10x_tim.o(i.TIM_ICStructInit)
    TIM_ITConfig                             0x0800204f   Thumb Code    18  stm32f10x_tim.o(i.TIM_ITConfig)
    TIM_OC3Init                              0x08002061   Thumb Code   150  stm32f10x_tim.o(i.TIM_OC3Init)
    TIM_OC3PreloadConfig                     0x08002101   Thumb Code    18  stm32f10x_tim.o(i.TIM_OC3PreloadConfig)
    TIM_OC4Init                              0x08002115   Thumb Code   114  stm32f10x_tim.o(i.TIM_OC4Init)
    TIM_OC4PreloadConfig                     0x08002191   Thumb Code    26  stm32f10x_tim.o(i.TIM_OC4PreloadConfig)
    TIM_SetCompare3                          0x080021ab   Thumb Code     4  stm32f10x_tim.o(i.TIM_SetCompare3)
    TIM_SetCompare4                          0x080021af   Thumb Code     6  stm32f10x_tim.o(i.TIM_SetCompare4)
    TIM_SetCounter                           0x080021b5   Thumb Code     4  stm32f10x_tim.o(i.TIM_SetCounter)
    TIM_SetIC1Prescaler                      0x080021b9   Thumb Code    18  stm32f10x_tim.o(i.TIM_SetIC1Prescaler)
    TIM_SetIC2Prescaler                      0x080021cb   Thumb Code    26  stm32f10x_tim.o(i.TIM_SetIC2Prescaler)
    TIM_SetIC3Prescaler                      0x080021e5   Thumb Code    18  stm32f10x_tim.o(i.TIM_SetIC3Prescaler)
    TIM_SetIC4Prescaler                      0x080021f7   Thumb Code    26  stm32f10x_tim.o(i.TIM_SetIC4Prescaler)
    TIM_TimeBaseInit                         0x08002211   Thumb Code   122  stm32f10x_tim.o(i.TIM_TimeBaseInit)
    TraceMove                                0x080022b5   Thumb Code   112  control.o(i.TraceMove)
    Track_Init                               0x08002331   Thumb Code    48  track.o(i.Track_Init)
    Turn_PID_Realize                         0x08002379   Thumb Code    64  pid.o(i.Turn_PID_Realize)
    USART1_IRQHandler                        0x080023c5   Thumb Code    66  usart.o(i.USART1_IRQHandler)
    USART_Cmd                                0x08002419   Thumb Code    24  stm32f10x_usart.o(i.USART_Cmd)
    USART_GetITStatus                        0x08002431   Thumb Code    84  stm32f10x_usart.o(i.USART_GetITStatus)
    USART_ITConfig                           0x08002485   Thumb Code    74  stm32f10x_usart.o(i.USART_ITConfig)
    USART_Init                               0x080024d1   Thumb Code   210  stm32f10x_usart.o(i.USART_Init)
    USART_ReceiveData                        0x080025a9   Thumb Code    10  stm32f10x_usart.o(i.USART_ReceiveData)
    UsageFault_Handler                       0x080025b3   Thumb Code     4  stm32f10x_it.o(i.UsageFault_Handler)
    WriteRawRC                               0x080025b9   Thumb Code    46  rc522.o(i.WriteRawRC)
    _is_digit                                0x080025ed   Thumb Code    14  __printf_wp.o(i._is_digit)
    _sys_exit                                0x080025fb   Thumb Code     4  usart.o(i._sys_exit)
    delay_ms                                 0x080025ff   Thumb Code    30  delay.o(i.delay_ms)
    delay_us                                 0x0800261d   Thumb Code    64  delay.o(i.delay_us)
    fputc                                    0x0800265d   Thumb Code    24  usart.o(i.fputc)
    gfp_abs                                  0x08002679   Thumb Code    16  motor.o(i.gfp_abs)
    judgeRecData                             0x08002689   Thumb Code   114  usart.o(i.judgeRecData)
    main                                     0x08002739   Thumb Code   298  main.o(i.main)
    uart_init                                0x08002895   Thumb Code   156  usart.o(i.uart_init)
    __aeabi_fadd                             0x08002939   Thumb Code     0  faddsub_clz.o(x$fpl$fadd)
    _fadd                                    0x08002939   Thumb Code   196  faddsub_clz.o(x$fpl$fadd)
    __fpl_fcmp_Inf                           0x080029fd   Thumb Code    24  fcmpi.o(x$fpl$fcmpinf)
    __aeabi_fdiv                             0x08002a15   Thumb Code     0  fdiv.o(x$fpl$fdiv)
    _fdiv                                    0x08002a15   Thumb Code   384  fdiv.o(x$fpl$fdiv)
    __aeabi_f2iz                             0x08002b99   Thumb Code     0  ffix.o(x$fpl$ffix)
    _ffix                                    0x08002b99   Thumb Code    54  ffix.o(x$fpl$ffix)
    __aeabi_i2f                              0x08002bd1   Thumb Code     0  fflt_clz.o(x$fpl$fflt)
    _fflt                                    0x08002bd1   Thumb Code    48  fflt_clz.o(x$fpl$fflt)
    __aeabi_cfcmple                          0x08002c01   Thumb Code     0  fleqf.o(x$fpl$fleqf)
    _fcmple                                  0x08002c01   Thumb Code   104  fleqf.o(x$fpl$fleqf)
    __fpl_fcmple_InfNaN                      0x08002c53   Thumb Code     0  fleqf.o(x$fpl$fleqf)
    __aeabi_fmul                             0x08002c69   Thumb Code     0  fmul.o(x$fpl$fmul)
    _fmul                                    0x08002c69   Thumb Code   258  fmul.o(x$fpl$fmul)
    __fpl_fnaninf                            0x08002d6b   Thumb Code   140  fnaninf.o(x$fpl$fnaninf)
    __fpl_fretinf                            0x08002df7   Thumb Code    10  fretinf.o(x$fpl$fretinf)
    __aeabi_cfrcmple                         0x08002e01   Thumb Code     0  frleqf.o(x$fpl$frleqf)
    _frcmple                                 0x08002e01   Thumb Code    98  frleqf.o(x$fpl$frleqf)
    __aeabi_frsub                            0x08002e63   Thumb Code     0  faddsub_clz.o(x$fpl$frsb)
    _frsb                                    0x08002e63   Thumb Code    20  faddsub_clz.o(x$fpl$frsb)
    __aeabi_fsub                             0x08002e79   Thumb Code     0  faddsub_clz.o(x$fpl$fsub)
    _fsub                                    0x08002e79   Thumb Code   234  faddsub_clz.o(x$fpl$fsub)
    __I$use$fp                               0x08002f62   Number         0  usenofp.o(x$fpl$usenofp)
    Region$$Table$$Base                      0x08002f74   Number         0  anon$$obj.o(Region$$Table)
    Region$$Table$$Limit                     0x08002f94   Number         0  anon$$obj.o(Region$$Table)
    control_switch                           0x20000014   Data           1  main.o(.data)
    control_mode                             0x20000015   Data           1  main.o(.data)
    mode                                     0x20000016   Data           1  main.o(.data)
    flag_query                               0x20000017   Data           1  main.o(.data)
    flag_no_scan_RFID                        0x20000018   Data           1  main.o(.data)
    flag_Buzzer                              0x20000019   Data           1  main.o(.data)
    turn_pram                                0x2000001c   Data           8  main.o(.data)
    rx_index                                 0x20000024   Data           1  usart.o(.data)
    flag_cnt_revceive                        0x20000025   Data           1  usart.o(.data)
    CT                                       0x20000026   Data           2  rc522.o(.data)
    SN                                       0x20000028   Data           4  rc522.o(.data)
    total                                    0x2000002c   Data           1  rc522.o(.data)
    card_0                                   0x2000002d   Data           4  rc522.o(.data)
    card_1                                   0x20000031   Data           4  rc522.o(.data)
    card_2                                   0x20000035   Data           4  rc522.o(.data)
    card_3                                   0x20000039   Data           4  rc522.o(.data)
    card_4                                   0x2000003d   Data           4  rc522.o(.data)
    KEY_A                                    0x20000041   Data           6  rc522.o(.data)
    KEY_B                                    0x20000047   Data           6  rc522.o(.data)
    AUDIO_OPEN                               0x2000004d   Data           6  rc522.o(.data)
    RFID1                                    0x20000053   Data          16  rc522.o(.data)
    RFID2                                    0x20000063   Data          16  rc522.o(.data)
    KEY_A1                                   0x20000073   Data           6  rc522.o(.data)
    KEY_A2                                   0x20000079   Data           6  rc522.o(.data)
    KEY_B1                                   0x2000007f   Data           6  rc522.o(.data)
    KEY_B2                                   0x20000085   Data           6  rc522.o(.data)
    KEY_B3                                   0x2000008b   Data           6  rc522.o(.data)
    DATA1                                    0x20000091   Data          16  rc522.o(.data)
    status                                   0x200000a1   Data           1  rc522.o(.data)
    addr                                     0x200000a2   Data           1  rc522.o(.data)
    flag_one                                 0x200000a3   Data           1  rc522.o(.data)
    flag_two                                 0x200000a4   Data           1  rc522.o(.data)
    PosFlag                                  0x200000a8   Data           1  track.o(.data)
    SensorCalFlag                            0x200000ac   Data           4  track.o(.data)
    D_AD_VALUE                               0x200000b4   Data           4  track.o(.data)
    LEFT_MAX                                 0x200000b8   Data           4  track.o(.data)
    RIGHT_MAX                                0x200000bc   Data           4  track.o(.data)
    MID_MAX                                  0x200000c0   Data           4  track.o(.data)
    LEFT_THERSH                              0x200000c4   Data           4  track.o(.data)
    RIGHT_THERSH                             0x200000c8   Data           4  track.o(.data)
    LEFT_SPAN                                0x200000cc   Data           4  track.o(.data)
    RIGHT_SPAN                               0x200000d0   Data           4  track.o(.data)
    WheelOneCircleDis                        0x200000f0   Data           4  control.o(.data)
    cnt_receive                              0x200000f4   Data           4  control.o(.data)
    cnt_one                                  0x200000f8   Data           4  control.o(.data)
    cnt_two                                  0x200000fc   Data           4  control.o(.data)
    cnt_judge_uart_data                      0x20000100   Data           1  control.o(.data)
    cnt_no_scan_RFID                         0x20000101   Data           1  control.o(.data)
    cnt_turn_pid                             0x20000102   Data           2  control.o(.data)
    __stdout                                 0x2000014c   Data          84  usart.o(.bss)
    rx_buf                                   0x200001a0   Data          20  usart.o(.bss)
    buffer                                   0x200001b4   Data          20  usart.o(.bss)
    Location                                 0x200001c8   Data          20  pid.o(.bss)
    Velocity                                 0x200001dc   Data          20  pid.o(.bss)
    Incremental                              0x200001f0   Data          20  pid.o(.bss)
    Position                                 0x20000204   Data          20  pid.o(.bss)
    Turn_PID                                 0x20000218   Data          20  pid.o(.bss)
    Motor1                                   0x2000022c   Data          28  motor.o(.bss)
    Motor2                                   0x20000248   Data          28  motor.o(.bss)
    Motor                                    0x20000264   Data          28  motor.o(.bss)
    __libspace_start                         0x20000280   Data          96  libspace.o(.bss)
    __temporary_stack_top$libspace           0x200002e0   Data           0  libspace.o(.bss)



==============================================================================

Memory Map of the image

  Image Entry point : 0x080001cd

  Load Region LR_1 (Base: 0x08000000, Size: 0x000030e0, Max: 0xffffffff, ABSOLUTE, COMPRESSED[0x00003014])

    Execution Region ER_RO (Exec base: 0x08000000, Load base: 0x08000000, Size: 0x00002f94, Max: 0xffffffff, ABSOLUTE)

    Exec Addr    Load Addr    Size         Type   Attr      Idx    E Section Name        Object

    0x08000000   0x08000000   0x000000ec   Data   RO         3122    RESET               startup_stm32f10x_md.o
    0x080000ec   0x080000ec   0x00000008   Code   RO         4244  * !!!main             c_w.l(__main.o)
    0x080000f4   0x080000f4   0x00000034   Code   RO         4455    !!!scatter          c_w.l(__scatter.o)
    0x08000128   0x08000128   0x0000005a   Code   RO         4453    !!dczerorl2         c_w.l(__dczerorl2.o)
    0x08000182   0x08000182   0x00000002   PAD
    0x08000184   0x08000184   0x0000001c   Code   RO         4457    !!handler_zi        c_w.l(__scatter_zi.o)
    0x080001a0   0x080001a0   0x00000000   Code   RO         4233    .ARM.Collect$$_printf_percent$$00000000  c_w.l(_printf_percent.o)
    0x080001a0   0x080001a0   0x00000004   Code   RO         4283    .ARM.Collect$$_printf_percent$$00000017  c_w.l(_printf_percent_end.o)
    0x080001a4   0x080001a4   0x00000002   Code   RO         4323    .ARM.Collect$$libinit$$00000000  c_w.l(libinit.o)
    0x080001a6   0x080001a6   0x00000000   Code   RO         4330    .ARM.Collect$$libinit$$00000002  c_w.l(libinit2.o)
    0x080001a6   0x080001a6   0x00000000   Code   RO         4332    .ARM.Collect$$libinit$$00000004  c_w.l(libinit2.o)
    0x080001a6   0x080001a6   0x00000000   Code   RO         4335    .ARM.Collect$$libinit$$0000000A  c_w.l(libinit2.o)
    0x080001a6   0x080001a6   0x00000000   Code   RO         4337    .ARM.Collect$$libinit$$0000000C  c_w.l(libinit2.o)
    0x080001a6   0x080001a6   0x00000000   Code   RO         4339    .ARM.Collect$$libinit$$0000000E  c_w.l(libinit2.o)
    0x080001a6   0x080001a6   0x00000000   Code   RO         4342    .ARM.Collect$$libinit$$00000011  c_w.l(libinit2.o)
    0x080001a6   0x080001a6   0x00000000   Code   RO         4344    .ARM.Collect$$libinit$$00000013  c_w.l(libinit2.o)
    0x080001a6   0x080001a6   0x00000000   Code   RO         4346    .ARM.Collect$$libinit$$00000015  c_w.l(libinit2.o)
    0x080001a6   0x080001a6   0x00000000   Code   RO         4348    .ARM.Collect$$libinit$$00000017  c_w.l(libinit2.o)
    0x080001a6   0x080001a6   0x00000000   Code   RO         4350    .ARM.Collect$$libinit$$00000019  c_w.l(libinit2.o)
    0x080001a6   0x080001a6   0x00000000   Code   RO         4352    .ARM.Collect$$libinit$$0000001B  c_w.l(libinit2.o)
    0x080001a6   0x080001a6   0x00000000   Code   RO         4354    .ARM.Collect$$libinit$$0000001D  c_w.l(libinit2.o)
    0x080001a6   0x080001a6   0x00000000   Code   RO         4356    .ARM.Collect$$libinit$$0000001F  c_w.l(libinit2.o)
    0x080001a6   0x080001a6   0x00000000   Code   RO         4358    .ARM.Collect$$libinit$$00000021  c_w.l(libinit2.o)
    0x080001a6   0x080001a6   0x00000000   Code   RO         4360    .ARM.Collect$$libinit$$00000023  c_w.l(libinit2.o)
    0x080001a6   0x080001a6   0x00000000   Code   RO         4362    .ARM.Collect$$libinit$$00000025  c_w.l(libinit2.o)
    0x080001a6   0x080001a6   0x00000000   Code   RO         4366    .ARM.Collect$$libinit$$0000002C  c_w.l(libinit2.o)
    0x080001a6   0x080001a6   0x00000000   Code   RO         4368    .ARM.Collect$$libinit$$0000002E  c_w.l(libinit2.o)
    0x080001a6   0x080001a6   0x00000000   Code   RO         4370    .ARM.Collect$$libinit$$00000030  c_w.l(libinit2.o)
    0x080001a6   0x080001a6   0x00000000   Code   RO         4372    .ARM.Collect$$libinit$$00000032  c_w.l(libinit2.o)
    0x080001a6   0x080001a6   0x00000002   Code   RO         4373    .ARM.Collect$$libinit$$00000033  c_w.l(libinit2.o)
    0x080001a8   0x080001a8   0x00000002   Code   RO         4391    .ARM.Collect$$libshutdown$$00000000  c_w.l(libshutdown.o)
    0x080001aa   0x080001aa   0x00000000   Code   RO         4401    .ARM.Collect$$libshutdown$$00000002  c_w.l(libshutdown2.o)
    0x080001aa   0x080001aa   0x00000000   Code   RO         4403    .ARM.Collect$$libshutdown$$00000004  c_w.l(libshutdown2.o)
    0x080001aa   0x080001aa   0x00000000   Code   RO         4405    .ARM.Collect$$libshutdown$$00000006  c_w.l(libshutdown2.o)
    0x080001aa   0x080001aa   0x00000000   Code   RO         4408    .ARM.Collect$$libshutdown$$00000009  c_w.l(libshutdown2.o)
    0x080001aa   0x080001aa   0x00000000   Code   RO         4411    .ARM.Collect$$libshutdown$$0000000C  c_w.l(libshutdown2.o)
    0x080001aa   0x080001aa   0x00000000   Code   RO         4413    .ARM.Collect$$libshutdown$$0000000E  c_w.l(libshutdown2.o)
    0x080001aa   0x080001aa   0x00000000   Code   RO         4416    .ARM.Collect$$libshutdown$$00000011  c_w.l(libshutdown2.o)
    0x080001aa   0x080001aa   0x00000002   Code   RO         4417    .ARM.Collect$$libshutdown$$00000012  c_w.l(libshutdown2.o)
    0x080001ac   0x080001ac   0x00000000   Code   RO         4272    .ARM.Collect$$rtentry$$00000000  c_w.l(__rtentry.o)
    0x080001ac   0x080001ac   0x00000000   Code   RO         4294    .ARM.Collect$$rtentry$$00000002  c_w.l(__rtentry2.o)
    0x080001ac   0x080001ac   0x00000006   Code   RO         4306    .ARM.Collect$$rtentry$$00000004  c_w.l(__rtentry4.o)
    0x080001b2   0x080001b2   0x00000000   Code   RO         4296    .ARM.Collect$$rtentry$$00000009  c_w.l(__rtentry2.o)
    0x080001b2   0x080001b2   0x00000004   Code   RO         4297    .ARM.Collect$$rtentry$$0000000A  c_w.l(__rtentry2.o)
    0x080001b6   0x080001b6   0x00000000   Code   RO         4299    .ARM.Collect$$rtentry$$0000000C  c_w.l(__rtentry2.o)
    0x080001b6   0x080001b6   0x00000008   Code   RO         4300    .ARM.Collect$$rtentry$$0000000D  c_w.l(__rtentry2.o)
    0x080001be   0x080001be   0x00000002   Code   RO         4327    .ARM.Collect$$rtexit$$00000000  c_w.l(rtexit.o)
    0x080001c0   0x080001c0   0x00000000   Code   RO         4375    .ARM.Collect$$rtexit$$00000002  c_w.l(rtexit2.o)
    0x080001c0   0x080001c0   0x00000004   Code   RO         4376    .ARM.Collect$$rtexit$$00000003  c_w.l(rtexit2.o)
    0x080001c4   0x080001c4   0x00000006   Code   RO         4377    .ARM.Collect$$rtexit$$00000004  c_w.l(rtexit2.o)
    0x080001ca   0x080001ca   0x00000002   PAD
    0x080001cc   0x080001cc   0x00000040   Code   RO         3123  * .text               startup_stm32f10x_md.o
    0x0800020c   0x0800020c   0x00000018   Code   RO         4177    .text               c_w.l(noretval__2printf.o)
    0x08000224   0x08000224   0x00000138   Code   RO         4222    .text               c_w.l(__printf_flags_wp.o)
    0x0800035c   0x0800035c   0x00000024   Code   RO         4234    .text               c_w.l(strstr.o)
    0x08000380   0x08000380   0x00000044   Code   RO         4238    .text               c_w.l(rt_memclr.o)
    0x080003c4   0x080003c4   0x0000004e   Code   RO         4240    .text               c_w.l(rt_memclr_w.o)
    0x08000412   0x08000412   0x00000006   Code   RO         4242    .text               c_w.l(heapauxi.o)
    0x08000418   0x08000418   0x00000030   Code   RO         4275    .text               c_w.l(_printf_char_common.o)
    0x08000448   0x08000448   0x00000024   Code   RO         4281    .text               c_w.l(_printf_char_file.o)
    0x0800046c   0x0800046c   0x00000008   Code   RO         4310    .text               c_w.l(ferror.o)
    0x08000474   0x08000474   0x0000004a   Code   RO         4314    .text               c_w.l(sys_stackheap_outer.o)
    0x080004be   0x080004be   0x00000012   Code   RO         4316    .text               c_w.l(exit.o)
    0x080004d0   0x080004d0   0x00000008   Code   RO         4324    .text               c_w.l(libspace.o)
    0x080004d8   0x080004d8   0x000000a8   Code   RO         3577    i.ADC1_Init         myadc.o
    0x08000580   0x08000580   0x00000006   Code   RO          193    i.ADC_ClearFlag     stm32f10x_adc.o
    0x08000586   0x08000586   0x00000016   Code   RO          195    i.ADC_Cmd           stm32f10x_adc.o
    0x0800059c   0x0800059c   0x00000014   Code   RO          203    i.ADC_GetCalibrationStatus  stm32f10x_adc.o
    0x080005b0   0x080005b0   0x00000008   Code   RO          204    i.ADC_GetConversionValue  stm32f10x_adc.o
    0x080005b8   0x080005b8   0x00000012   Code   RO          206    i.ADC_GetFlagStatus  stm32f10x_adc.o
    0x080005ca   0x080005ca   0x00000014   Code   RO          209    i.ADC_GetResetCalibrationStatus  stm32f10x_adc.o
    0x080005de   0x080005de   0x00000002   PAD
    0x080005e0   0x080005e0   0x00000050   Code   RO          213    i.ADC_Init          stm32f10x_adc.o
    0x08000630   0x08000630   0x000000b8   Code   RO          217    i.ADC_RegularChannelConfig  stm32f10x_adc.o
    0x080006e8   0x080006e8   0x0000000a   Code   RO          218    i.ADC_ResetCalibration  stm32f10x_adc.o
    0x080006f2   0x080006f2   0x00000016   Code   RO          220    i.ADC_SoftwareStartConvCmd  stm32f10x_adc.o
    0x08000708   0x08000708   0x0000000a   Code   RO          222    i.ADC_StartCalibration  stm32f10x_adc.o
    0x08000712   0x08000712   0x00000004   Code   RO         3291    i.BusFault_Handler  stm32f10x_it.o
    0x08000716   0x08000716   0x00000002   PAD
    0x08000718   0x08000718   0x00000070   Code   RO         3127    i.Buzzer            main.o
    0x08000788   0x08000788   0x00000078   Code   RO         3980    i.ChangeSpeedMotorL  control.o
    0x08000800   0x08000800   0x00000078   Code   RO         3981    i.ChangeSpeedMotorR  control.o
    0x08000878   0x08000878   0x0000003c   Code   RO         3982    i.ChangeTraceTurn   control.o
    0x080008b4   0x080008b4   0x00000140   Code   RO         3128    i.CleanOperate      main.o
    0x080009f4   0x080009f4   0x0000001a   Code   RO         3623    i.ClearBitMask      rc522.o
    0x08000a0e   0x08000a0e   0x00000002   Code   RO         3292    i.DebugMon_Handler  stm32f10x_it.o
    0x08000a10   0x08000a10   0x000000d0   Code   RO         4096    i.Encoder_Init      encoder.o
    0x08000ae0   0x08000ae0   0x00000116   Code   RO         1304    i.GPIO_Init         stm32f10x_gpio.o
    0x08000bf6   0x08000bf6   0x00000002   PAD
    0x08000bf8   0x08000bf8   0x00000090   Code   RO         1306    i.GPIO_PinRemapConfig  stm32f10x_gpio.o
    0x08000c88   0x08000c88   0x00000012   Code   RO         1308    i.GPIO_ReadInputDataBit  stm32f10x_gpio.o
    0x08000c9a   0x08000c9a   0x00000004   Code   RO         1311    i.GPIO_ResetBits    stm32f10x_gpio.o
    0x08000c9e   0x08000c9e   0x00000004   Code   RO         1312    i.GPIO_SetBits      stm32f10x_gpio.o
    0x08000ca2   0x08000ca2   0x00000002   PAD
    0x08000ca4   0x08000ca4   0x00000044   Code   RO         4097    i.GetMotorPulse     encoder.o
    0x08000ce8   0x08000ce8   0x0000018c   Code   RO         3944    i.GetTraceData      track.o
    0x08000e74   0x08000e74   0x0000003c   Code   RO         3578    i.Get_Adc           myadc.o
    0x08000eb0   0x08000eb0   0x00000004   Code   RO         3293    i.HardFault_Handler  stm32f10x_it.o
    0x08000eb4   0x08000eb4   0x00000054   Code   RO         3625    i.M500PcdConfigISOType  rc522.o
    0x08000f08   0x08000f08   0x000000d4   Code   RO         3607    i.MYGPIO_Init       mygpio.o
    0x08000fdc   0x08000fdc   0x00000004   Code   RO         3294    i.MemManage_Handler  stm32f10x_it.o
    0x08000fe0   0x08000fe0   0x000000a8   Code   RO         4132    i.Motor_Init        motor.o
    0x08001088   0x08001088   0x00000018   Code   RO         4133    i.Motor_Stop        motor.o
    0x080010a0   0x080010a0   0x00000002   Code   RO         3295    i.NMI_Handler       stm32f10x_it.o
    0x080010a2   0x080010a2   0x00000002   PAD
    0x080010a4   0x080010a4   0x00000070   Code   RO          130    i.NVIC_Init         misc.o
    0x08001114   0x08001114   0x00000014   Code   RO          131    i.NVIC_PriorityGroupConfig  misc.o
    0x08001128   0x08001128   0x00000020   Code   RO         4039    i.PID_Init          pid.o
    0x08001148   0x08001148   0x0000001a   Code   RO         3627    i.PcdAntennaOn      rc522.o
    0x08001162   0x08001162   0x00000070   Code   RO         3628    i.PcdAnticoll       rc522.o
    0x080011d2   0x080011d2   0x00000132   Code   RO         3630    i.PcdComMF522       rc522.o
    0x08001304   0x08001304   0x00000054   Code   RO         3633    i.PcdRequest        rc522.o
    0x08001358   0x08001358   0x00000088   Code   RO         3634    i.PcdReset          rc522.o
    0x080013e0   0x080013e0   0x00000002   Code   RO         3296    i.PendSV_Handler    stm32f10x_it.o
    0x080013e2   0x080013e2   0x00000002   PAD
    0x080013e4   0x080013e4   0x000000bc   Code   RO         4040    i.Position_PID_Realize  pid.o
    0x080014a0   0x080014a0   0x00000150   Code   RO         3637    i.RC522_Handle      rc522.o
    0x080015f0   0x080015f0   0x00000030   Code   RO         3638    i.RC522_Init        rc522.o
    0x08001620   0x08001620   0x00000018   Code   RO         1718    i.RCC_ADCCLKConfig  stm32f10x_rcc.o
    0x08001638   0x08001638   0x00000020   Code   RO         1720    i.RCC_APB1PeriphClockCmd  stm32f10x_rcc.o
    0x08001658   0x08001658   0x00000020   Code   RO         1722    i.RCC_APB2PeriphClockCmd  stm32f10x_rcc.o
    0x08001678   0x08001678   0x000000d4   Code   RO         1730    i.RCC_GetClocksFreq  stm32f10x_rcc.o
    0x0800174c   0x0800174c   0x00000038   Code   RO         3639    i.ReadRawRC         rc522.o
    0x08001784   0x08001784   0x000000f8   Code   RO         3640    i.SPI1_Init         rc522.o
    0x0800187c   0x0800187c   0x00000018   Code   RO         2199    i.SPI_Cmd           stm32f10x_spi.o
    0x08001894   0x08001894   0x0000003c   Code   RO         2212    i.SPI_Init          stm32f10x_spi.o
    0x080018d0   0x080018d0   0x00000054   Code   RO         3641    i.SPI_RC522_ReadByte  rc522.o
    0x08001924   0x08001924   0x0000005c   Code   RO         3642    i.SPI_RC522_SendByte  rc522.o
    0x08001980   0x08001980   0x00000002   Code   RO         3297    i.SVC_Handler       stm32f10x_it.o
    0x08001982   0x08001982   0x0000001a   Code   RO         3643    i.SetBitMask        rc522.o
    0x0800199c   0x0800199c   0x00000008   Code   RO           17    i.SetSysClock       system_stm32f10x.o
    0x080019a4   0x080019a4   0x000000e0   Code   RO           18    i.SetSysClockTo72   system_stm32f10x.o
    0x08001a84   0x08001a84   0x0000002c   Code   RO         4134    i.Set_PWM           motor.o
    0x08001ab0   0x08001ab0   0x00000034   Code   RO         4041    i.Straight_Trail_param  pid.o
    0x08001ae4   0x08001ae4   0x00000002   Code   RO         3298    i.SysTick_Handler   stm32f10x_it.o
    0x08001ae6   0x08001ae6   0x00000002   PAD
    0x08001ae8   0x08001ae8   0x00000060   Code   RO           20    i.SystemInit        system_stm32f10x.o
    0x08001b48   0x08001b48   0x00000080   Code   RO         2338    i.TI1_Config        stm32f10x_tim.o
    0x08001bc8   0x08001bc8   0x00000098   Code   RO         2339    i.TI2_Config        stm32f10x_tim.o
    0x08001c60   0x08001c60   0x00000090   Code   RO         2340    i.TI3_Config        stm32f10x_tim.o
    0x08001cf0   0x08001cf0   0x00000098   Code   RO         2341    i.TI4_Config        stm32f10x_tim.o
    0x08001d88   0x08001d88   0x0000010c   Code   RO         3984    i.TIM4_IRQHandler   control.o
    0x08001e94   0x08001e94   0x0000005c   Code   RO         3461    i.TIM4_Init         timer.o
    0x08001ef0   0x08001ef0   0x00000018   Code   RO         2342    i.TIM_ARRPreloadConfig  stm32f10x_tim.o
    0x08001f08   0x08001f08   0x00000006   Code   RO         2349    i.TIM_ClearITPendingBit  stm32f10x_tim.o
    0x08001f0e   0x08001f0e   0x00000018   Code   RO         2354    i.TIM_Cmd           stm32f10x_tim.o
    0x08001f26   0x08001f26   0x00000042   Code   RO         2363    i.TIM_EncoderInterfaceConfig  stm32f10x_tim.o
    0x08001f68   0x08001f68   0x00000006   Code   RO         2373    i.TIM_GetCounter    stm32f10x_tim.o
    0x08001f6e   0x08001f6e   0x00000022   Code   RO         2375    i.TIM_GetITStatus   stm32f10x_tim.o
    0x08001f90   0x08001f90   0x000000ac   Code   RO         2377    i.TIM_ICInit        stm32f10x_tim.o
    0x0800203c   0x0800203c   0x00000012   Code   RO         2378    i.TIM_ICStructInit  stm32f10x_tim.o
    0x0800204e   0x0800204e   0x00000012   Code   RO         2379    i.TIM_ITConfig      stm32f10x_tim.o
    0x08002060   0x08002060   0x000000a0   Code   RO         2393    i.TIM_OC3Init       stm32f10x_tim.o
    0x08002100   0x08002100   0x00000012   Code   RO         2396    i.TIM_OC3PreloadConfig  stm32f10x_tim.o
    0x08002112   0x08002112   0x00000002   PAD
    0x08002114   0x08002114   0x0000007c   Code   RO         2398    i.TIM_OC4Init       stm32f10x_tim.o
    0x08002190   0x08002190   0x0000001a   Code   RO         2400    i.TIM_OC4PreloadConfig  stm32f10x_tim.o
    0x080021aa   0x080021aa   0x00000004   Code   RO         2417    i.TIM_SetCompare3   stm32f10x_tim.o
    0x080021ae   0x080021ae   0x00000006   Code   RO         2418    i.TIM_SetCompare4   stm32f10x_tim.o
    0x080021b4   0x080021b4   0x00000004   Code   RO         2419    i.TIM_SetCounter    stm32f10x_tim.o
    0x080021b8   0x080021b8   0x00000012   Code   RO         2420    i.TIM_SetIC1Prescaler  stm32f10x_tim.o
    0x080021ca   0x080021ca   0x0000001a   Code   RO         2421    i.TIM_SetIC2Prescaler  stm32f10x_tim.o
    0x080021e4   0x080021e4   0x00000012   Code   RO         2422    i.TIM_SetIC3Prescaler  stm32f10x_tim.o
    0x080021f6   0x080021f6   0x0000001a   Code   RO         2423    i.TIM_SetIC4Prescaler  stm32f10x_tim.o
    0x08002210   0x08002210   0x000000a4   Code   RO         2425    i.TIM_TimeBaseInit  stm32f10x_tim.o
    0x080022b4   0x080022b4   0x0000007c   Code   RO         3985    i.TraceMove         control.o
    0x08002330   0x08002330   0x00000048   Code   RO         3945    i.Track_Init        track.o
    0x08002378   0x08002378   0x0000004c   Code   RO         4042    i.Turn_PID_Realize  pid.o
    0x080023c4   0x080023c4   0x00000054   Code   RO         3381    i.USART1_IRQHandler  usart.o
    0x08002418   0x08002418   0x00000018   Code   RO         2890    i.USART_Cmd         stm32f10x_usart.o
    0x08002430   0x08002430   0x00000054   Code   RO         2894    i.USART_GetITStatus  stm32f10x_usart.o
    0x08002484   0x08002484   0x0000004a   Code   RO         2896    i.USART_ITConfig    stm32f10x_usart.o
    0x080024ce   0x080024ce   0x00000002   PAD
    0x080024d0   0x080024d0   0x000000d8   Code   RO         2897    i.USART_Init        stm32f10x_usart.o
    0x080025a8   0x080025a8   0x0000000a   Code   RO         2904    i.USART_ReceiveData  stm32f10x_usart.o
    0x080025b2   0x080025b2   0x00000004   Code   RO         3299    i.UsageFault_Handler  stm32f10x_it.o
    0x080025b6   0x080025b6   0x00000002   PAD
    0x080025b8   0x080025b8   0x00000034   Code   RO         3646    i.WriteRawRC        rc522.o
    0x080025ec   0x080025ec   0x0000000e   Code   RO         4220    i._is_digit         c_w.l(__printf_wp.o)
    0x080025fa   0x080025fa   0x00000004   Code   RO         3382    i._sys_exit         usart.o
    0x080025fe   0x080025fe   0x0000001e   Code   RO         3354    i.delay_ms          delay.o
    0x0800261c   0x0800261c   0x00000040   Code   RO         3356    i.delay_us          delay.o
    0x0800265c   0x0800265c   0x0000001c   Code   RO         3383    i.fputc             usart.o
    0x08002678   0x08002678   0x00000010   Code   RO         4135    i.gfp_abs           motor.o
    0x08002688   0x08002688   0x000000b0   Code   RO         3384    i.judgeRecData      usart.o
    0x08002738   0x08002738   0x0000015c   Code   RO         3129    i.main              main.o
    0x08002894   0x08002894   0x000000a4   Code   RO         3385    i.uart_init         usart.o
    0x08002938   0x08002938   0x000000c4   Code   RO         4246    x$fpl$fadd          fz_ws.l(faddsub_clz.o)
    0x080029fc   0x080029fc   0x00000018   Code   RO         4286    x$fpl$fcmpinf       fz_ws.l(fcmpi.o)
    0x08002a14   0x08002a14   0x00000184   Code   RO         4253    x$fpl$fdiv          fz_ws.l(fdiv.o)
    0x08002b98   0x08002b98   0x00000036   Code   RO         4256    x$fpl$ffix          fz_ws.l(ffix.o)
    0x08002bce   0x08002bce   0x00000002   PAD
    0x08002bd0   0x08002bd0   0x00000030   Code   RO         4261    x$fpl$fflt          fz_ws.l(fflt_clz.o)
    0x08002c00   0x08002c00   0x00000068   Code   RO         4266    x$fpl$fleqf         fz_ws.l(fleqf.o)
    0x08002c68   0x08002c68   0x00000102   Code   RO         4268    x$fpl$fmul          fz_ws.l(fmul.o)
    0x08002d6a   0x08002d6a   0x0000008c   Code   RO         4288    x$fpl$fnaninf       fz_ws.l(fnaninf.o)
    0x08002df6   0x08002df6   0x0000000a   Code   RO         4290    x$fpl$fretinf       fz_ws.l(fretinf.o)
    0x08002e00   0x08002e00   0x00000062   Code   RO         4270    x$fpl$frleqf        fz_ws.l(frleqf.o)
    0x08002e62   0x08002e62   0x00000014   Code   RO         4247    x$fpl$frsb          fz_ws.l(faddsub_clz.o)
    0x08002e76   0x08002e76   0x00000002   PAD
    0x08002e78   0x08002e78   0x000000ea   Code   RO         4248    x$fpl$fsub          fz_ws.l(faddsub_clz.o)
    0x08002f62   0x08002f62   0x00000000   Code   RO         4292    x$fpl$usenofp       fz_ws.l(usenofp.o)
    0x08002f62   0x08002f62   0x00000011   Data   RO         4223    .constdata          c_w.l(__printf_flags_wp.o)
    0x08002f73   0x08002f73   0x00000001   PAD
    0x08002f74   0x08002f74   0x00000020   Data   RO         4451    Region$$Table       anon$$obj.o


    Execution Region ER_RW (Exec base: 0x20000000, Load base: 0x08002f94, Size: 0x0000014c, Max: 0xffffffff, ABSOLUTE, COMPRESSED[0x00000080])

    Exec Addr    Load Addr    Size         Type   Attr      Idx    E Section Name        Object

    0x20000000   COMPRESSED   0x00000014   Data   RW         1750    .data               stm32f10x_rcc.o
    0x20000014   COMPRESSED   0x00000010   Data   RW         3130    .data               main.o
    0x20000024   COMPRESSED   0x00000002   Data   RW         3387    .data               usart.o
    0x20000026   COMPRESSED   0x0000007f   Data   RW         3648    .data               rc522.o
    0x200000a5   COMPRESSED   0x00000003   PAD
    0x200000a8   COMPRESSED   0x00000048   Data   RW         3946    .data               track.o
    0x200000f0   COMPRESSED   0x00000014   Data   RW         3986    .data               control.o
    0x20000104   COMPRESSED   0x00000048   Data   RW         4045    .data               pid.o


    Execution Region ER_ZI (Exec base: 0x2000014c, Load base: 0x08003014, Size: 0x00000794, Max: 0xffffffff, ABSOLUTE)

    Exec Addr    Load Addr    Size         Type   Attr      Idx    E Section Name        Object

    0x2000014c        -       0x0000007c   Zero   RW         3386    .bss                usart.o
    0x200001c8        -       0x00000064   Zero   RW         4044    .bss                pid.o
    0x2000022c        -       0x00000054   Zero   RW         4136    .bss                motor.o
    0x20000280        -       0x00000060   Zero   RW         4325    .bss                c_w.l(libspace.o)
    0x200002e0        -       0x00000200   Zero   RW         3121    HEAP                startup_stm32f10x_md.o
    0x200004e0        -       0x00000400   Zero   RW         3120    STACK               startup_stm32f10x_md.o


==============================================================================

Image component sizes


      Code (inc. data)   RO Data    RW Data    ZI Data      Debug   Object Name

       692        118          0         20          0       3658   control.o
         0          0          0          0          0       4596   core_cm3.o
        94          0          0          0          0        910   delay.o
       276         20          0          0          0       1235   encoder.o
       780         62          0         16          0     221102   main.o
       132         22          0          0          0     213763   misc.o
       252          4          0          0         84       3084   motor.o
       228         20          0          0          0       1074   myadc.o
       212         14          0          0          0        534   mygpio.o
       348         74          0         72        100       4726   pid.o
      1716        118          0        127          0      10720   rc522.o
        64         26        236          0       1536        772   startup_stm32f10x_md.o
       400         10          0          0          0       7925   stm32f10x_adc.o
       448          6          0          0          0       4226   stm32f10x_gpio.o
        26          0          0          0          0       3506   stm32f10x_it.o
       300         38          0         20          0       4725   stm32f10x_rcc.o
        84          0          0          0          0       2053   stm32f10x_spi.o
      1538        170          0          0          0      14638   stm32f10x_tim.o
       408          6          0          0          0       4734   stm32f10x_usart.o
       328         28          0          0          0      51993   system_stm32f10x.o
        92          4          0          0          0        512   timer.o
       468         64          0         72          0       2526   track.o
       456         92          0          2        124       5085   usart.o

    ----------------------------------------------------------------------
      9362        896        268        332       1844     568097   Object Totals
         0          0         32          0          0          0   (incl. Generated)
        20          0          0          3          0          0   (incl. Padding)

    ----------------------------------------------------------------------

      Code (inc. data)   RO Data    RW Data    ZI Data      Debug   Library Member Name

        90          0          0          0          0          0   __dczerorl2.o
         8          0          0          0          0         68   __main.o
       312          4         17          0          0         92   __printf_flags_wp.o
        14          0          0          0          0         68   __printf_wp.o
         0          0          0          0          0          0   __rtentry.o
        12          0          0          0          0          0   __rtentry2.o
         6          0          0          0          0          0   __rtentry4.o
        52          8          0          0          0          0   __scatter.o
        28          0          0          0          0          0   __scatter_zi.o
        48          6          0          0          0         96   _printf_char_common.o
        36          4          0          0          0         80   _printf_char_file.o
         0          0          0          0          0          0   _printf_percent.o
         4          0          0          0          0          0   _printf_percent_end.o
        18          0          0          0          0         80   exit.o
         8          0          0          0          0         68   ferror.o
         6          0          0          0          0        152   heapauxi.o
         2          0          0          0          0          0   libinit.o
         2          0          0          0          0          0   libinit2.o
         2          0          0          0          0          0   libshutdown.o
         2          0          0          0          0          0   libshutdown2.o
         8          4          0          0         96         68   libspace.o
        24          4          0          0          0         84   noretval__2printf.o
        68          0          0          0          0         68   rt_memclr.o
        78          0          0          0          0         80   rt_memclr_w.o
         2          0          0          0          0          0   rtexit.o
        10          0          0          0          0          0   rtexit2.o
        36          0          0          0          0         80   strstr.o
        74          0          0          0          0         80   sys_stackheap_outer.o
       450          8          0          0          0        236   faddsub_clz.o
        24          0          0          0          0         68   fcmpi.o
       388         76          0          0          0         96   fdiv.o
        54          4          0          0          0         84   ffix.o
        48          0          0          0          0         68   fflt_clz.o
       104          4          0          0          0         84   fleqf.o
       258          4          0          0          0         84   fmul.o
       140          4          0          0          0         84   fnaninf.o
        10          0          0          0          0         68   fretinf.o
        98          0          0          0          0         68   frleqf.o
         0          0          0          0          0          0   usenofp.o

    ----------------------------------------------------------------------
      2532        130         18          0         96       2104   Library Totals
         8          0          1          0          0          0   (incl. Padding)

    ----------------------------------------------------------------------

      Code (inc. data)   RO Data    RW Data    ZI Data      Debug   Library Name

       950         30         17          0         96       1164   c_w.l
      1574        100          0          0          0        940   fz_ws.l

    ----------------------------------------------------------------------
      2532        130         18          0         96       2104   Library Totals

    ----------------------------------------------------------------------

==============================================================================


      Code (inc. data)   RO Data    RW Data    ZI Data      Debug   

     11894       1026        286        332       1940     563489   Grand Totals
     11894       1026        286        128       1940     563489   ELF Image Totals (compressed)
     11894       1026        286        128          0          0   ROM Totals

==============================================================================

    Total RO  Size (Code + RO Data)                12180 (  11.89kB)
    Total RW  Size (RW Data + ZI Data)              2272 (   2.22kB)
    Total ROM Size (Code + RO Data + RW Data)      12308 (  12.02kB)

==============================================================================

